0 verbose cli C:\Program Files\nodejs\node.exe C:\Users\joaor\AppData\Roaming\npm\node_modules\npm\bin\npm-cli.js
1 info using npm@10.8.3
2 info using node@v20.15.0
3 silly config load:file:C:\Users\joaor\AppData\Roaming\npm\node_modules\npm\npmrc
4 silly config load:file:C:\Projetos\Jira Flow Analytics\.npmrc
5 silly config load:file:C:\Users\joaor\.npmrc
6 silly config load:file:C:\Users\joaor\AppData\Roaming\npm\etc\npmrc
7 verbose title npm install nodemon
8 verbose argv "install" "nodemon" "--save-dev" "--ignore-scripts" "--cache" ".npm-cache"
9 verbose logfile logs-max:10 dir:C:\Projetos\Jira Flow Analytics\.npm-cache\_logs\2026-07-11T02_50_57_244Z-
10 verbose logfile C:\Projetos\Jira Flow Analytics\.npm-cache\_logs\2026-07-11T02_50_57_244Z-debug-0.log
11 silly packumentCache heap:4345298944 maxSize:1086324736 maxEntrySize:543162368
12 silly logfile done cleaning log files
13 silly idealTree buildDeps
14 silly fetch manifest bullmq@^5.58.0
15 silly packumentCache full:https://registry.npmjs.org/bullmq cache-miss
16 http fetch GET 200 https://registry.npmjs.org/bullmq 25ms (cache hit)
17 silly packumentCache full:https://registry.npmjs.org/bullmq set size:4537575 disposed:false
18 silly fetch manifest redis@>=5.0.0
19 silly packumentCache full:https://registry.npmjs.org/redis cache-miss
20 http fetch GET 200 https://registry.npmjs.org/redis 8ms (cache hit)
21 silly packumentCache full:https://registry.npmjs.org/redis set size:381740 disposed:false
22 silly fetch manifest dotenv@^16.6.1
23 silly packumentCache full:https://registry.npmjs.org/dotenv cache-miss
24 http fetch GET 200 https://registry.npmjs.org/dotenv 6ms (cache hit)
25 silly packumentCache full:https://registry.npmjs.org/dotenv set size:277818 disposed:false
26 silly fetch manifest fastify@^5.4.0
27 silly packumentCache full:https://registry.npmjs.org/fastify cache-miss
28 http fetch GET 200 https://registry.npmjs.org/fastify 9ms (cache hit)
29 silly packumentCache full:https://registry.npmjs.org/fastify set size:1733364 disposed:false
30 silly fetch manifest fastify-plugin@^5.0.1
31 silly packumentCache full:https://registry.npmjs.org/fastify-plugin cache-miss
32 http fetch GET 200 https://registry.npmjs.org/fastify-plugin 6ms (cache hit)
33 silly packumentCache full:https://registry.npmjs.org/fastify-plugin set size:126430 disposed:false
34 silly fetch manifest jira.js@^5.2.0
35 silly packumentCache full:https://registry.npmjs.org/jira.js cache-miss
36 http fetch GET 200 https://registry.npmjs.org/jira.js 8ms (cache hit)
37 silly packumentCache full:https://registry.npmjs.org/jira.js set size:990910 disposed:false
38 silly fetch manifest pino-pretty@^13.1.1
39 silly packumentCache full:https://registry.npmjs.org/pino-pretty cache-miss
40 http fetch GET 200 https://registry.npmjs.org/pino-pretty 8ms (cache hit)
41 silly packumentCache full:https://registry.npmjs.org/pino-pretty set size:294099 disposed:false
42 silly fetch manifest zod@^4.0.5
43 silly packumentCache full:https://registry.npmjs.org/zod cache-miss
44 http fetch GET 200 https://registry.npmjs.org/zod 11ms (cache hit)
45 silly packumentCache full:https://registry.npmjs.org/zod set size:3552562 disposed:false
46 silly fetch manifest @types/node@^24.0.14
47 silly packumentCache full:https://registry.npmjs.org/@types%2fnode cache-miss
48 http fetch GET 200 https://registry.npmjs.org/@types%2fnode 27ms (cache hit)
49 silly packumentCache full:https://registry.npmjs.org/@types%2fnode set size:11080817 disposed:false
50 silly fetch manifest nodemon@^3.1.10
51 silly packumentCache full:https://registry.npmjs.org/nodemon cache-miss
52 http fetch GET 200 https://registry.npmjs.org/nodemon 12ms (cache hit)
53 silly packumentCache full:https://registry.npmjs.org/nodemon set size:661805 disposed:false
54 silly fetch manifest tsx@^4.20.3
55 silly packumentCache full:https://registry.npmjs.org/tsx cache-miss
56 http fetch GET 200 https://registry.npmjs.org/tsx 10ms (cache hit)
57 silly packumentCache full:https://registry.npmjs.org/tsx set size:309686 disposed:false
58 silly fetch manifest typescript@^5.8.3
59 silly packumentCache full:https://registry.npmjs.org/typescript cache-miss
60 http fetch GET 200 https://registry.npmjs.org/typescript 29ms (cache hit)
61 silly packumentCache full:https://registry.npmjs.org/typescript set size:15423872 disposed:false
62 silly placeDep ROOT @types/node@24.13.3 OK for: jira-flow-analytics@0.1.0 want: ^24.0.14
63 silly placeDep ROOT bullmq@5.80.1 OK for: jira-flow-analytics@0.1.0 want: ^5.58.0
64 silly placeDep ROOT dotenv@16.6.1 OK for: jira-flow-analytics@0.1.0 want: ^16.6.1
65 silly placeDep ROOT fastify@5.10.0 OK for: jira-flow-analytics@0.1.0 want: ^5.4.0
66 silly placeDep ROOT fastify-plugin@5.1.0 OK for: jira-flow-analytics@0.1.0 want: ^5.0.1
67 silly placeDep ROOT jira.js@5.4.0 OK for: jira-flow-analytics@0.1.0 want: ^5.2.0
68 silly placeDep ROOT nodemon@3.1.14 OK for: jira-flow-analytics@0.1.0 want: ^3.1.10
69 silly placeDep ROOT pino-pretty@13.1.3 OK for: jira-flow-analytics@0.1.0 want: ^13.1.1
70 silly placeDep ROOT tsx@4.23.0 OK for: jira-flow-analytics@0.1.0 want: ^4.20.3
71 silly placeDep ROOT typescript@5.9.3 OK for: jira-flow-analytics@0.1.0 want: ^5.8.3
72 silly placeDep ROOT zod@4.4.3 OK for: jira-flow-analytics@0.1.0 want: ^4.0.5
73 silly fetch manifest undici-types@~7.18.0
74 silly packumentCache full:https://registry.npmjs.org/undici-types cache-miss
75 silly fetch manifest cron-parser@4.9.0
76 silly packumentCache full:https://registry.npmjs.org/cron-parser cache-miss
77 silly fetch manifest ioredis@5.10.1
78 silly packumentCache full:https://registry.npmjs.org/ioredis cache-miss
79 silly fetch manifest msgpackr@2.0.4
80 silly packumentCache full:https://registry.npmjs.org/msgpackr cache-miss
81 silly fetch manifest node-abort-controller@3.1.1
82 silly packumentCache full:https://registry.npmjs.org/node-abort-controller cache-miss
83 silly fetch manifest semver@7.8.5
84 silly packumentCache full:https://registry.npmjs.org/semver cache-miss
85 silly fetch manifest tslib@2.8.1
86 silly packumentCache full:https://registry.npmjs.org/tslib cache-miss
87 silly fetch manifest @fastify/ajv-compiler@^4.0.5
88 silly packumentCache full:https://registry.npmjs.org/@fastify%2fajv-compiler cache-miss
89 silly fetch manifest @fastify/error@^4.0.0
90 silly packumentCache full:https://registry.npmjs.org/@fastify%2ferror cache-miss
91 silly fetch manifest @fastify/fast-json-stringify-compiler@^5.0.0
92 silly packumentCache full:https://registry.npmjs.org/@fastify%2ffast-json-stringify-compiler cache-miss
93 silly fetch manifest @fastify/proxy-addr@^5.0.0
94 silly packumentCache full:https://registry.npmjs.org/@fastify%2fproxy-addr cache-miss
95 http fetch GET 200 https://registry.npmjs.org/msgpackr 31ms (cache hit)
96 silly packumentCache full:https://registry.npmjs.org/msgpackr set size:436133 disposed:false
97 silly fetch manifest abstract-logging@^2.0.1
98 silly packumentCache full:https://registry.npmjs.org/abstract-logging cache-miss
99 http fetch GET 200 https://registry.npmjs.org/cron-parser 37ms (cache hit)
100 silly packumentCache full:https://registry.npmjs.org/cron-parser set size:337607 disposed:false
101 silly fetch manifest avvio@^9.0.0
102 silly packumentCache full:https://registry.npmjs.org/avvio cache-miss
103 http fetch GET 200 https://registry.npmjs.org/semver 40ms (cache hit)
104 silly packumentCache full:https://registry.npmjs.org/semver set size:246069 disposed:false
105 silly fetch manifest fast-json-stringify@^7.0.0
106 silly packumentCache full:https://registry.npmjs.org/fast-json-stringify cache-miss
107 http fetch GET 200 https://registry.npmjs.org/ioredis 46ms (cache hit)
108 silly packumentCache full:https://registry.npmjs.org/ioredis set size:851250 disposed:false
109 silly fetch manifest find-my-way@^9.6.0
110 silly packumentCache full:https://registry.npmjs.org/find-my-way cache-miss
111 http fetch GET 200 https://registry.npmjs.org/undici-types 56ms (cache hit)
112 silly packumentCache full:https://registry.npmjs.org/undici-types set size:239474 disposed:false
113 silly fetch manifest light-my-request@^6.0.0
114 silly packumentCache full:https://registry.npmjs.org/light-my-request cache-miss
115 http fetch GET 200 https://registry.npmjs.org/@fastify%2ferror 57ms (cache hit)
116 silly packumentCache full:https://registry.npmjs.org/@fastify%2ferror set size:40505 disposed:false
117 silly fetch manifest pino@^9.14.0 || ^10.1.0
118 silly packumentCache full:https://registry.npmjs.org/pino cache-miss
119 http fetch GET 200 https://registry.npmjs.org/@fastify%2fproxy-addr 58ms (cache hit)
120 silly packumentCache full:https://registry.npmjs.org/@fastify%2fproxy-addr set size:21025 disposed:false
121 silly fetch manifest process-warning@^5.0.0
122 silly packumentCache full:https://registry.npmjs.org/process-warning cache-miss
123 http fetch GET 200 https://registry.npmjs.org/node-abort-controller 61ms (cache hit)
124 silly packumentCache full:https://registry.npmjs.org/node-abort-controller set size:38850 disposed:false
125 silly fetch manifest rfdc@^1.3.1
126 silly packumentCache full:https://registry.npmjs.org/rfdc cache-miss
127 http fetch GET 200 https://registry.npmjs.org/@fastify%2fajv-compiler 62ms (cache hit)
128 silly packumentCache full:https://registry.npmjs.org/@fastify%2fajv-compiler set size:75261 disposed:false
129 silly fetch manifest secure-json-parse@^4.0.0
130 silly packumentCache full:https://registry.npmjs.org/secure-json-parse cache-miss
131 http fetch GET 200 https://registry.npmjs.org/tslib 65ms (cache hit)
132 silly packumentCache full:https://registry.npmjs.org/tslib set size:108843 disposed:false
133 silly fetch manifest semver@^7.6.0
134 silly packumentCache full:https://registry.npmjs.org/semver cache-hit
135 silly fetch manifest toad-cache@^3.7.0
136 silly packumentCache full:https://registry.npmjs.org/toad-cache cache-miss
137 http fetch GET 200 https://registry.npmjs.org/@fastify%2ffast-json-stringify-compiler 67ms (cache hit)
138 silly packumentCache full:https://registry.npmjs.org/@fastify%2ffast-json-stringify-compiler set size:57185 disposed:false
139 silly fetch manifest axios@^1.18.1
140 silly packumentCache full:https://registry.npmjs.org/axios cache-miss
141 http fetch GET 200 https://registry.npmjs.org/abstract-logging 56ms (cache hit)
142 silly packumentCache full:https://registry.npmjs.org/abstract-logging set size:8352 disposed:false
143 silly fetch manifest mime-types@^2.1.35
144 silly packumentCache full:https://registry.npmjs.org/mime-types cache-miss
145 http fetch GET 200 https://registry.npmjs.org/fast-json-stringify 49ms (cache hit)
146 silly packumentCache full:https://registry.npmjs.org/fast-json-stringify set size:516999 disposed:false
147 silly fetch manifest zod@^4.4.3
148 silly packumentCache full:https://registry.npmjs.org/zod cache-miss
149 http fetch GET 200 https://registry.npmjs.org/find-my-way 45ms (cache hit)
150 silly packumentCache full:https://registry.npmjs.org/find-my-way set size:335911 disposed:false
151 silly fetch manifest debug@^4
152 silly packumentCache full:https://registry.npmjs.org/debug cache-miss
153 http fetch GET 200 https://registry.npmjs.org/rfdc 41ms (cache hit)
154 silly packumentCache full:https://registry.npmjs.org/rfdc set size:45382 disposed:false
155 silly fetch manifest touch@^3.1.0
156 silly packumentCache full:https://registry.npmjs.org/touch cache-miss
157 http fetch GET 200 https://registry.npmjs.org/light-my-request 47ms (cache hit)
158 silly packumentCache full:https://registry.npmjs.org/light-my-request set size:237845 disposed:false
159 silly fetch manifest semver@^7.5.3
160 silly packumentCache full:https://registry.npmjs.org/semver cache-hit
161 silly fetch manifest chokidar@^3.5.2
162 silly packumentCache full:https://registry.npmjs.org/chokidar cache-miss
163 http fetch GET 200 https://registry.npmjs.org/avvio 69ms (cache hit)
164 silly packumentCache full:https://registry.npmjs.org/avvio set size:223062 disposed:false
165 silly fetch manifest minimatch@^10.2.1
166 silly packumentCache full:https://registry.npmjs.org/minimatch cache-miss
167 http fetch GET 200 https://registry.npmjs.org/pino 56ms (cache hit)
168 silly packumentCache full:https://registry.npmjs.org/pino set size:1274379 disposed:false
169 silly fetch manifest undefsafe@^2.0.5
170 silly packumentCache full:https://registry.npmjs.org/undefsafe cache-miss
171 http fetch GET 200 https://registry.npmjs.org/process-warning 63ms (cache hit)
172 silly packumentCache full:https://registry.npmjs.org/process-warning set size:32480 disposed:false
173 silly fetch manifest pstree.remy@^1.1.8
174 silly packumentCache full:https://registry.npmjs.org/pstree.remy cache-miss
175 http fetch GET 200 https://registry.npmjs.org/secure-json-parse 62ms (cache hit)
176 silly packumentCache full:https://registry.npmjs.org/secure-json-parse set size:50800 disposed:false
177 silly fetch manifest supports-color@^5.5.0
178 silly packumentCache full:https://registry.npmjs.org/supports-color cache-miss
179 http fetch GET 200 https://registry.npmjs.org/toad-cache 61ms (cache hit)
180 silly packumentCache full:https://registry.npmjs.org/toad-cache set size:111844 disposed:false
181 silly fetch manifest ignore-by-default@^1.0.1
182 silly packumentCache full:https://registry.npmjs.org/ignore-by-default cache-miss
183 http fetch GET 200 https://registry.npmjs.org/axios 62ms (cache hit)
184 silly packumentCache full:https://registry.npmjs.org/axios set size:844109 disposed:false
185 silly fetch manifest simple-update-notifier@^2.0.0
186 silly packumentCache full:https://registry.npmjs.org/simple-update-notifier cache-miss
187 http fetch GET 200 https://registry.npmjs.org/mime-types 71ms (cache hit)
188 silly packumentCache full:https://registry.npmjs.org/mime-types set size:139110 disposed:false
189 silly fetch manifest colorette@^2.0.7
190 silly packumentCache full:https://registry.npmjs.org/colorette cache-miss
191 http fetch GET 200 https://registry.npmjs.org/zod 74ms (cache hit)
192 silly packumentCache full:https://registry.npmjs.org/zod set size:3552562 disposed:false
193 silly fetch manifest dateformat@^4.6.3
194 silly packumentCache full:https://registry.npmjs.org/dateformat cache-miss
195 http fetch GET 200 https://registry.npmjs.org/debug 88ms (cache hit)
196 silly packumentCache full:https://registry.npmjs.org/debug set size:195840 disposed:false
197 silly fetch manifest fast-copy@^4.0.0
198 silly packumentCache full:https://registry.npmjs.org/fast-copy cache-miss
199 http fetch GET 200 https://registry.npmjs.org/minimatch 84ms (cache hit)
200 silly packumentCache full:https://registry.npmjs.org/minimatch set size:375282 disposed:false
201 silly fetch manifest fast-safe-stringify@^2.1.1
202 silly packumentCache full:https://registry.npmjs.org/fast-safe-stringify cache-miss
203 http fetch GET 200 https://registry.npmjs.org/touch 95ms (cache hit)
204 silly packumentCache full:https://registry.npmjs.org/touch set size:16906 disposed:false
205 silly fetch manifest help-me@^5.0.0
206 silly packumentCache full:https://registry.npmjs.org/help-me cache-miss
207 http fetch GET 200 https://registry.npmjs.org/chokidar 94ms (cache hit)
208 silly packumentCache full:https://registry.npmjs.org/chokidar set size:255902 disposed:false
209 silly fetch manifest joycon@^3.1.1
210 silly packumentCache full:https://registry.npmjs.org/joycon cache-miss
211 http fetch GET 200 https://registry.npmjs.org/undefsafe 82ms (cache hit)
212 silly packumentCache full:https://registry.npmjs.org/undefsafe set size:24059 disposed:false
213 silly fetch manifest minimist@^1.2.6
214 silly packumentCache full:https://registry.npmjs.org/minimist cache-miss
215 http fetch GET 200 https://registry.npmjs.org/pstree.remy 88ms (cache hit)
216 silly packumentCache full:https://registry.npmjs.org/pstree.remy set size:19800 disposed:false
217 silly fetch manifest on-exit-leak-free@^2.1.0
218 silly packumentCache full:https://registry.npmjs.org/on-exit-leak-free cache-miss
219 http fetch GET 200 https://registry.npmjs.org/supports-color 87ms (cache hit)
220 silly packumentCache full:https://registry.npmjs.org/supports-color set size:118680 disposed:false
221 silly fetch manifest pino-abstract-transport@^3.0.0
222 silly packumentCache full:https://registry.npmjs.org/pino-abstract-transport cache-miss
223 http fetch GET 200 https://registry.npmjs.org/ignore-by-default 89ms (cache hit)
224 silly packumentCache full:https://registry.npmjs.org/ignore-by-default set size:9946 disposed:false
225 silly fetch manifest pump@^3.0.0
226 silly packumentCache full:https://registry.npmjs.org/pump cache-miss
227 http fetch GET 200 https://registry.npmjs.org/simple-update-notifier 79ms (cache hit)
228 silly packumentCache full:https://registry.npmjs.org/simple-update-notifier set size:44879 disposed:false
229 silly fetch manifest sonic-boom@^4.0.1
230 silly packumentCache full:https://registry.npmjs.org/sonic-boom cache-miss
231 http fetch GET 200 https://registry.npmjs.org/colorette 72ms (cache hit)
232 silly packumentCache full:https://registry.npmjs.org/colorette set size:92733 disposed:false
233 silly fetch manifest strip-json-comments@^5.0.2
234 silly packumentCache full:https://registry.npmjs.org/strip-json-comments cache-miss
235 http fetch GET 200 https://registry.npmjs.org/dateformat 54ms (cache hit)
236 silly packumentCache full:https://registry.npmjs.org/dateformat set size:104796 disposed:false
237 silly fetch manifest esbuild@~0.28.0
238 silly packumentCache full:https://registry.npmjs.org/esbuild cache-miss
239 http fetch GET 200 https://registry.npmjs.org/fast-safe-stringify 49ms (cache hit)
240 silly packumentCache full:https://registry.npmjs.org/fast-safe-stringify set size:76810 disposed:false
241 silly fetch manifest fsevents@~2.3.3
242 silly packumentCache full:https://registry.npmjs.org/fsevents cache-miss
243 http fetch GET 200 https://registry.npmjs.org/fast-copy 55ms (cache hit)
244 silly packumentCache full:https://registry.npmjs.org/fast-copy set size:209345 disposed:false
245 http fetch GET 200 https://registry.npmjs.org/help-me 51ms (cache hit)
246 silly packumentCache full:https://registry.npmjs.org/help-me set size:29897 disposed:false
247 http fetch GET 200 https://registry.npmjs.org/joycon 47ms (cache hit)
248 silly packumentCache full:https://registry.npmjs.org/joycon set size:76542 disposed:false
249 http fetch GET 200 https://registry.npmjs.org/on-exit-leak-free 40ms (cache hit)
250 silly packumentCache full:https://registry.npmjs.org/on-exit-leak-free set size:18719 disposed:false
251 http fetch GET 200 https://registry.npmjs.org/minimist 43ms (cache hit)
252 silly packumentCache full:https://registry.npmjs.org/minimist set size:77063 disposed:false
253 http fetch GET 200 https://registry.npmjs.org/pino-abstract-transport 39ms (cache hit)
254 silly packumentCache full:https://registry.npmjs.org/pino-abstract-transport set size:28687 disposed:false
255 http fetch GET 200 https://registry.npmjs.org/pump 38ms (cache hit)
256 silly packumentCache full:https://registry.npmjs.org/pump set size:41178 disposed:false
257 http fetch GET 200 https://registry.npmjs.org/sonic-boom 37ms (cache hit)
258 silly packumentCache full:https://registry.npmjs.org/sonic-boom set size:170649 disposed:false
259 http fetch GET 200 https://registry.npmjs.org/strip-json-comments 29ms (cache hit)
260 silly packumentCache full:https://registry.npmjs.org/strip-json-comments set size:43569 disposed:false
261 http fetch GET 200 https://registry.npmjs.org/fsevents 20ms (cache hit)
262 silly packumentCache full:https://registry.npmjs.org/fsevents set size:182472 disposed:false
263 http fetch GET 200 https://registry.npmjs.org/esbuild 27ms (cache hit)
264 silly packumentCache full:https://registry.npmjs.org/esbuild set size:1259608 disposed:false
265 silly placeDep ROOT undici-types@7.18.2 OK for: @types/node@24.13.3 want: ~7.18.0
266 silly placeDep ROOT cron-parser@4.9.0 OK for: bullmq@5.80.1 want: 4.9.0
267 silly placeDep ROOT ioredis@5.10.1 OK for: bullmq@5.80.1 want: 5.10.1
268 silly placeDep ROOT msgpackr@2.0.4 OK for: bullmq@5.80.1 want: 2.0.4
269 silly placeDep ROOT node-abort-controller@3.1.1 OK for: bullmq@5.80.1 want: 3.1.1
270 silly placeDep ROOT semver@7.8.5 OK for: bullmq@5.80.1 want: 7.8.5
271 silly placeDep ROOT tslib@2.8.1 OK for: bullmq@5.80.1 want: 2.8.1
272 silly fetch manifest luxon@^3.2.1
273 silly packumentCache full:https://registry.npmjs.org/luxon cache-miss
274 silly fetch manifest debug@^4.3.4
275 silly packumentCache full:https://registry.npmjs.org/debug cache-hit
276 silly fetch manifest denque@^2.1.0
277 silly packumentCache full:https://registry.npmjs.org/denque cache-miss
278 silly fetch manifest redis-errors@^1.2.0
279 silly packumentCache full:https://registry.npmjs.org/redis-errors cache-miss
280 silly fetch manifest redis-parser@^3.0.0
281 silly packumentCache full:https://registry.npmjs.org/redis-parser cache-miss
282 silly fetch manifest lodash.defaults@^4.2.0
283 silly packumentCache full:https://registry.npmjs.org/lodash.defaults cache-miss
284 silly fetch manifest cluster-key-slot@^1.1.0
285 silly packumentCache full:https://registry.npmjs.org/cluster-key-slot cache-miss
286 silly fetch manifest @ioredis/commands@1.5.1
287 silly packumentCache full:https://registry.npmjs.org/@ioredis%2fcommands cache-miss
288 silly fetch manifest lodash.isarguments@^3.1.0
289 silly packumentCache full:https://registry.npmjs.org/lodash.isarguments cache-miss
290 silly fetch manifest standard-as-callback@^2.1.0
291 silly packumentCache full:https://registry.npmjs.org/standard-as-callback cache-miss
292 silly fetch manifest msgpackr-extract@^3.0.4
293 silly packumentCache full:https://registry.npmjs.org/msgpackr-extract cache-miss
294 http fetch GET 200 https://registry.npmjs.org/luxon 30ms (cache hit)
295 silly packumentCache full:https://registry.npmjs.org/luxon set size:511002 disposed:false
296 http fetch GET 200 https://registry.npmjs.org/lodash.defaults 32ms (cache hit)
297 silly packumentCache full:https://registry.npmjs.org/lodash.defaults set size:30178 disposed:false
298 http fetch GET 200 https://registry.npmjs.org/redis-errors 34ms (cache hit)
299 silly packumentCache full:https://registry.npmjs.org/redis-errors set size:9314 disposed:false
300 http fetch GET 200 https://registry.npmjs.org/redis-parser 35ms (cache hit)
301 silly packumentCache full:https://registry.npmjs.org/redis-parser set size:43353 disposed:false
302 http fetch GET 200 https://registry.npmjs.org/denque 37ms (cache hit)
303 silly packumentCache full:https://registry.npmjs.org/denque set size:62908 disposed:false
304 http fetch GET 200 https://registry.npmjs.org/lodash.isarguments 35ms (cache hit)
305 silly packumentCache full:https://registry.npmjs.org/lodash.isarguments set size:35303 disposed:false
306 http fetch GET 200 https://registry.npmjs.org/@ioredis%2fcommands 36ms (cache hit)
307 silly packumentCache full:https://registry.npmjs.org/@ioredis%2fcommands set size:49986 disposed:false
308 http fetch GET 200 https://registry.npmjs.org/cluster-key-slot 38ms (cache hit)
309 silly packumentCache full:https://registry.npmjs.org/cluster-key-slot set size:44701 disposed:false
310 http fetch GET 200 https://registry.npmjs.org/standard-as-callback 37ms (cache hit)
311 silly packumentCache full:https://registry.npmjs.org/standard-as-callback set size:16764 disposed:false
312 http fetch GET 200 https://registry.npmjs.org/msgpackr-extract 37ms (cache hit)
313 silly packumentCache full:https://registry.npmjs.org/msgpackr-extract set size:149941 disposed:false
314 silly placeDep ROOT luxon@3.7.2 OK for: cron-parser@4.9.0 want: ^3.2.1
315 silly placeDep ROOT @fastify/ajv-compiler@4.0.5 OK for: fastify@5.10.0 want: ^4.0.5
316 silly placeDep ROOT @fastify/error@4.2.0 OK for: fastify@5.10.0 want: ^4.0.0
317 silly placeDep ROOT @fastify/fast-json-stringify-compiler@5.1.0 OK for: fastify@5.10.0 want: ^5.0.0
318 silly placeDep ROOT @fastify/proxy-addr@5.1.0 OK for: fastify@5.10.0 want: ^5.0.0
319 silly placeDep ROOT abstract-logging@2.0.1 OK for: fastify@5.10.0 want: ^2.0.1
320 silly placeDep ROOT avvio@9.2.0 OK for: fastify@5.10.0 want: ^9.0.0
321 silly placeDep ROOT fast-json-stringify@7.0.1 OK for: fastify@5.10.0 want: ^7.0.0
322 silly placeDep ROOT find-my-way@9.6.0 OK for: fastify@5.10.0 want: ^9.6.0
323 silly placeDep ROOT light-my-request@6.6.0 OK for: fastify@5.10.0 want: ^6.0.0
324 silly placeDep ROOT pino@10.3.1 OK for: fastify@5.10.0 want: ^9.14.0 || ^10.1.0
325 silly placeDep ROOT process-warning@5.0.0 OK for: fastify@5.10.0 want: ^5.0.0
326 silly placeDep ROOT rfdc@1.4.1 OK for: fastify@5.10.0 want: ^1.3.1
327 silly placeDep ROOT secure-json-parse@4.1.0 OK for: fastify@5.10.0 want: ^4.0.0
328 silly placeDep ROOT toad-cache@3.7.4 OK for: fastify@5.10.0 want: ^3.7.0
329 silly fetch manifest ajv@^8.12.0
330 silly packumentCache full:https://registry.npmjs.org/ajv cache-miss
331 silly fetch manifest ajv-formats@^3.0.1
332 silly packumentCache full:https://registry.npmjs.org/ajv-formats cache-miss
333 silly fetch manifest fast-uri@^3.0.0
334 silly packumentCache full:https://registry.npmjs.org/fast-uri cache-miss
335 silly fetch manifest @fastify/forwarded@^3.0.0
336 silly packumentCache full:https://registry.npmjs.org/@fastify%2fforwarded cache-miss
337 silly fetch manifest ipaddr.js@^2.1.0
338 silly packumentCache full:https://registry.npmjs.org/ipaddr.js cache-miss
339 silly fetch manifest fastq@^1.17.1
340 silly packumentCache full:https://registry.npmjs.org/fastq cache-miss
341 silly fetch manifest @fastify/merge-json-schemas@^0.2.0
342 silly packumentCache full:https://registry.npmjs.org/@fastify%2fmerge-json-schemas cache-miss
343 silly fetch manifest ajv@^8.12.0
344 silly packumentCache full:https://registry.npmjs.org/ajv cache-miss
345 silly fetch manifest ajv-formats@^3.0.1
346 silly packumentCache full:https://registry.npmjs.org/ajv-formats cache-miss
347 silly fetch manifest fast-uri@^4.0.0
348 silly packumentCache full:https://registry.npmjs.org/fast-uri cache-miss
349 silly fetch manifest json-schema-ref-resolver@^3.0.0
350 silly packumentCache full:https://registry.npmjs.org/json-schema-ref-resolver cache-miss
351 http fetch GET 200 https://registry.npmjs.org/fast-uri 30ms (cache hit)
352 silly packumentCache full:https://registry.npmjs.org/fast-uri set size:80569 disposed:false
353 silly fetch manifest rfdc@^1.2.0
354 silly packumentCache full:https://registry.npmjs.org/rfdc cache-hit
355 silly fetch manifest fast-deep-equal@^3.1.3
356 silly packumentCache full:https://registry.npmjs.org/fast-deep-equal cache-miss
357 http fetch GET 200 https://registry.npmjs.org/ipaddr.js 34ms (cache hit)
358 silly packumentCache full:https://registry.npmjs.org/ipaddr.js set size:69549 disposed:false
359 silly fetch manifest fast-querystring@^1.0.0
360 silly packumentCache full:https://registry.npmjs.org/fast-querystring cache-miss
361 http fetch GET 200 https://registry.npmjs.org/@fastify%2fmerge-json-schemas 33ms (cache hit)
362 silly packumentCache full:https://registry.npmjs.org/@fastify%2fmerge-json-schemas set size:18452 disposed:false
363 silly fetch manifest safe-regex2@^5.0.0
364 silly packumentCache full:https://registry.npmjs.org/safe-regex2 cache-miss
365 http fetch GET 200 https://registry.npmjs.org/ajv 42ms (cache hit)
366 silly packumentCache full:https://registry.npmjs.org/ajv set size:1142658 disposed:false
367 silly fetch manifest cookie@^1.0.1
368 silly packumentCache full:https://registry.npmjs.org/cookie cache-miss
369 http fetch GET 200 https://registry.npmjs.org/@fastify%2fforwarded 48ms (cache hit)
370 silly packumentCache full:https://registry.npmjs.org/@fastify%2fforwarded set size:21913 disposed:false
371 silly fetch manifest process-warning@^4.0.0
372 silly packumentCache full:https://registry.npmjs.org/process-warning cache-hit
373 silly fetch manifest set-cookie-parser@^2.6.0
374 silly packumentCache full:https://registry.npmjs.org/set-cookie-parser cache-miss
375 http fetch GET 200 https://registry.npmjs.org/fastq 46ms (cache hit)
376 silly packumentCache full:https://registry.npmjs.org/fastq set size:78301 disposed:false
377 silly fetch manifest atomic-sleep@^1.0.0
378 silly packumentCache full:https://registry.npmjs.org/atomic-sleep cache-miss
379 http fetch GET 200 https://registry.npmjs.org/fast-uri 50ms (cache hit)
380 silly packumentCache full:https://registry.npmjs.org/fast-uri set size:80569 disposed:false
381 silly packumentCache full:https://registry.npmjs.org/fast-uri dispose
382 silly fetch manifest pino-std-serializers@^7.0.0
383 silly packumentCache full:https://registry.npmjs.org/pino-std-serializers cache-miss
384 http fetch GET 200 https://registry.npmjs.org/ajv-formats 61ms (cache hit)
385 silly packumentCache full:https://registry.npmjs.org/ajv-formats set size:141264 disposed:false
386 silly fetch manifest quick-format-unescaped@^4.0.3
387 silly packumentCache full:https://registry.npmjs.org/quick-format-unescaped cache-miss
388 http fetch GET 200 https://registry.npmjs.org/ajv-formats 59ms (cache hit)
389 silly packumentCache full:https://registry.npmjs.org/ajv-formats set size:141264 disposed:false
390 silly packumentCache full:https://registry.npmjs.org/ajv-formats dispose
391 silly fetch manifest real-require@^0.2.0
392 silly packumentCache full:https://registry.npmjs.org/real-require cache-miss
393 http fetch GET 200 https://registry.npmjs.org/json-schema-ref-resolver 63ms (cache hit)
394 silly packumentCache full:https://registry.npmjs.org/json-schema-ref-resolver set size:25242 disposed:false
395 silly fetch manifest safe-stable-stringify@^2.3.1
396 silly packumentCache full:https://registry.npmjs.org/safe-stable-stringify cache-miss
397 http fetch GET 200 https://registry.npmjs.org/ajv 71ms (cache hit)
398 silly packumentCache full:https://registry.npmjs.org/ajv set size:1142658 disposed:false
399 silly fetch manifest @pinojs/redact@^0.4.0
400 silly packumentCache full:https://registry.npmjs.org/@pinojs%2fredact cache-miss
401 http fetch GET 200 https://registry.npmjs.org/fast-deep-equal 73ms (cache hit)
402 silly packumentCache full:https://registry.npmjs.org/fast-deep-equal set size:48634 disposed:false
403 silly fetch manifest thread-stream@^4.0.0
404 silly packumentCache full:https://registry.npmjs.org/thread-stream cache-miss
405 http fetch GET 200 https://registry.npmjs.org/fast-querystring 71ms (cache hit)
406 silly packumentCache full:https://registry.npmjs.org/fast-querystring set size:68476 disposed:false
407 http fetch GET 200 https://registry.npmjs.org/safe-regex2 71ms (cache hit)
408 silly packumentCache full:https://registry.npmjs.org/safe-regex2 set size:24762 disposed:false
409 http fetch GET 200 https://registry.npmjs.org/cookie 63ms (cache hit)
410 silly packumentCache full:https://registry.npmjs.org/cookie set size:78274 disposed:false
411 http fetch GET 200 https://registry.npmjs.org/set-cookie-parser 62ms (cache hit)
412 silly packumentCache full:https://registry.npmjs.org/set-cookie-parser set size:78186 disposed:false
413 http fetch GET 200 https://registry.npmjs.org/pino-std-serializers 57ms (cache hit)
414 silly packumentCache full:https://registry.npmjs.org/pino-std-serializers set size:96176 disposed:false
415 http fetch GET 200 https://registry.npmjs.org/atomic-sleep 63ms (cache hit)
416 silly packumentCache full:https://registry.npmjs.org/atomic-sleep set size:5192 disposed:false
417 http fetch GET 200 https://registry.npmjs.org/quick-format-unescaped 54ms (cache hit)
418 silly packumentCache full:https://registry.npmjs.org/quick-format-unescaped set size:36121 disposed:false
419 http fetch GET 200 https://registry.npmjs.org/real-require 51ms (cache hit)
420 silly packumentCache full:https://registry.npmjs.org/real-require set size:10884 disposed:false
421 http fetch GET 200 https://registry.npmjs.org/safe-stable-stringify 45ms (cache hit)
422 silly packumentCache full:https://registry.npmjs.org/safe-stable-stringify set size:45091 disposed:false
423 http fetch GET 200 https://registry.npmjs.org/@pinojs%2fredact 35ms (cache hit)
424 silly packumentCache full:https://registry.npmjs.org/@pinojs%2fredact set size:16907 disposed:false
425 http fetch GET 200 https://registry.npmjs.org/thread-stream 18ms (cache hit)
426 silly packumentCache full:https://registry.npmjs.org/thread-stream set size:131308 disposed:false
427 silly placeDep ROOT ajv@8.20.0 OK for: @fastify/ajv-compiler@4.0.5 want: ^8.12.0
428 silly placeDep ROOT ajv-formats@3.0.1 OK for: @fastify/ajv-compiler@4.0.5 want: ^3.0.1
429 silly placeDep ROOT fast-uri@3.1.3 OK for: @fastify/ajv-compiler@4.0.5 want: ^3.0.0
430 silly fetch manifest fast-uri@^3.0.1
431 silly packumentCache full:https://registry.npmjs.org/fast-uri cache-hit
432 silly fetch manifest json-schema-traverse@^1.0.0
433 silly packumentCache full:https://registry.npmjs.org/json-schema-traverse cache-miss
434 silly fetch manifest require-from-string@^2.0.2
435 silly packumentCache full:https://registry.npmjs.org/require-from-string cache-miss
436 http fetch GET 200 https://registry.npmjs.org/require-from-string 8ms (cache hit)
437 silly packumentCache full:https://registry.npmjs.org/require-from-string set size:15128 disposed:false
438 http fetch GET 200 https://registry.npmjs.org/json-schema-traverse 10ms (cache hit)
439 silly packumentCache full:https://registry.npmjs.org/json-schema-traverse set size:23537 disposed:false
440 silly placeDep ROOT @fastify/forwarded@3.0.1 OK for: @fastify/proxy-addr@5.1.0 want: ^3.0.0
441 silly placeDep ROOT ipaddr.js@2.4.0 OK for: @fastify/proxy-addr@5.1.0 want: ^2.1.0
442 silly placeDep ROOT fast-deep-equal@3.1.3 OK for: ajv@8.20.0 want: ^3.1.3
443 silly placeDep ROOT json-schema-traverse@1.0.0 OK for: ajv@8.20.0 want: ^1.0.0
444 silly placeDep ROOT require-from-string@2.0.2 OK for: ajv@8.20.0 want: ^2.0.2
445 silly placeDep ROOT fastq@1.20.1 OK for: avvio@9.2.0 want: ^1.17.1
446 silly fetch manifest reusify@^1.0.4
447 silly packumentCache full:https://registry.npmjs.org/reusify cache-miss
448 http fetch GET 200 https://registry.npmjs.org/reusify 8ms (cache hit)
449 silly packumentCache full:https://registry.npmjs.org/reusify set size:14249 disposed:false
450 silly placeDep ROOT @fastify/merge-json-schemas@0.2.1 OK for: fast-json-stringify@7.0.1 want: ^0.2.0
451 silly placeDep node_modules/fast-json-stringify fast-uri@4.1.0 OK for: fast-json-stringify@7.0.1 want: ^4.0.0
452 silly placeDep ROOT json-schema-ref-resolver@3.0.0 OK for: fast-json-stringify@7.0.1 want: ^3.0.0
453 silly fetch manifest dequal@^2.0.3
454 silly packumentCache full:https://registry.npmjs.org/dequal cache-miss
455 silly fetch manifest dequal@^2.0.3
456 silly packumentCache full:https://registry.npmjs.org/dequal cache-miss
457 http fetch GET 200 https://registry.npmjs.org/dequal 9ms (cache hit)
458 silly packumentCache full:https://registry.npmjs.org/dequal set size:24037 disposed:false
459 http fetch GET 200 https://registry.npmjs.org/dequal 9ms (cache hit)
460 silly packumentCache full:https://registry.npmjs.org/dequal set size:24037 disposed:false
461 silly packumentCache full:https://registry.npmjs.org/dequal dispose
462 silly placeDep ROOT dequal@2.0.3 OK for: @fastify/merge-json-schemas@0.2.1 want: ^2.0.3
463 silly placeDep ROOT reusify@1.1.0 OK for: fastq@1.20.1 want: ^1.0.4
464 silly placeDep ROOT fast-querystring@1.1.2 OK for: find-my-way@9.6.0 want: ^1.0.0
465 silly placeDep ROOT safe-regex2@5.1.1 OK for: find-my-way@9.6.0 want: ^5.0.0
466 silly fetch manifest fast-decode-uri-component@^1.0.1
467 silly packumentCache full:https://registry.npmjs.org/fast-decode-uri-component cache-miss
468 silly fetch manifest ret@~0.5.0
469 silly packumentCache full:https://registry.npmjs.org/ret cache-miss
470 http fetch GET 200 https://registry.npmjs.org/ret 6ms (cache hit)
471 silly packumentCache full:https://registry.npmjs.org/ret set size:59258 disposed:false
472 http fetch GET 200 https://registry.npmjs.org/fast-decode-uri-component 8ms (cache hit)
473 silly packumentCache full:https://registry.npmjs.org/fast-decode-uri-component set size:7045 disposed:false
474 silly placeDep ROOT fast-decode-uri-component@1.0.1 OK for: fast-querystring@1.1.2 want: ^1.0.1
475 silly placeDep ROOT @ioredis/commands@1.5.1 OK for: ioredis@5.10.1 want: 1.5.1
476 silly placeDep ROOT cluster-key-slot@1.1.2 OK for: ioredis@5.10.1 want: ^1.1.0
477 silly placeDep ROOT debug@4.4.3 OK for: ioredis@5.10.1 want: ^4.3.4
478 silly placeDep ROOT denque@2.1.0 OK for: ioredis@5.10.1 want: ^2.1.0
479 silly placeDep ROOT lodash.defaults@4.2.0 OK for: ioredis@5.10.1 want: ^4.2.0
480 silly placeDep ROOT lodash.isarguments@3.1.0 OK for: ioredis@5.10.1 want: ^3.1.0
481 silly placeDep ROOT redis-errors@1.2.0 OK for: ioredis@5.10.1 want: ^1.2.0
482 silly placeDep ROOT redis-parser@3.0.0 OK for: ioredis@5.10.1 want: ^3.0.0
483 silly placeDep ROOT standard-as-callback@2.1.0 OK for: ioredis@5.10.1 want: ^2.1.0
484 silly fetch manifest ms@^2.1.3
485 silly packumentCache full:https://registry.npmjs.org/ms cache-miss
486 http fetch GET 200 https://registry.npmjs.org/ms 9ms (cache hit)
487 silly packumentCache full:https://registry.npmjs.org/ms set size:92208 disposed:false
488 silly placeDep ROOT ms@2.1.3 OK for: debug@4.4.3 want: ^2.1.3
489 silly placeDep ROOT axios@1.18.1 OK for: jira.js@5.4.0 want: ^1.18.1
490 silly placeDep ROOT mime-types@2.1.35 OK for: jira.js@5.4.0 want: ^2.1.35
491 silly fetch manifest form-data@^4.0.5
492 silly packumentCache full:https://registry.npmjs.org/form-data cache-miss
493 silly fetch manifest proxy-from-env@^2.1.0
494 silly packumentCache full:https://registry.npmjs.org/proxy-from-env cache-miss
495 silly fetch manifest follow-redirects@^1.16.0
496 silly packumentCache full:https://registry.npmjs.org/follow-redirects cache-miss
497 silly fetch manifest https-proxy-agent@^5.0.1
498 silly packumentCache full:https://registry.npmjs.org/https-proxy-agent cache-miss
499 silly fetch manifest mime-db@1.52.0
500 silly packumentCache full:https://registry.npmjs.org/mime-db cache-miss
501 http fetch GET 200 https://registry.npmjs.org/proxy-from-env 15ms (cache hit)
502 silly packumentCache full:https://registry.npmjs.org/proxy-from-env set size:21422 disposed:false
503 http fetch GET 200 https://registry.npmjs.org/form-data 17ms (cache hit)
504 silly packumentCache full:https://registry.npmjs.org/form-data set size:153174 disposed:false
505 http fetch GET 200 https://registry.npmjs.org/follow-redirects 18ms (cache hit)
506 silly packumentCache full:https://registry.npmjs.org/follow-redirects set size:188945 disposed:false
507 http fetch GET 200 https://registry.npmjs.org/mime-db 18ms (cache hit)
508 silly packumentCache full:https://registry.npmjs.org/mime-db set size:164953 disposed:false
509 http fetch GET 200 https://registry.npmjs.org/https-proxy-agent 21ms (cache hit)
510 silly packumentCache full:https://registry.npmjs.org/https-proxy-agent set size:83792 disposed:false
511 silly placeDep ROOT follow-redirects@1.16.0 OK for: axios@1.18.1 want: ^1.16.0
512 silly placeDep ROOT form-data@4.0.6 OK for: axios@1.18.1 want: ^4.0.5
513 silly placeDep ROOT https-proxy-agent@5.0.1 OK for: axios@1.18.1 want: ^5.0.1
514 silly placeDep ROOT proxy-from-env@2.1.0 OK for: axios@1.18.1 want: ^2.1.0
515 silly fetch manifest hasown@^2.0.4
516 silly packumentCache full:https://registry.npmjs.org/hasown cache-miss
517 silly fetch manifest asynckit@^0.4.0
518 silly packumentCache full:https://registry.npmjs.org/asynckit cache-miss
519 silly fetch manifest combined-stream@^1.0.8
520 silly packumentCache full:https://registry.npmjs.org/combined-stream cache-miss
521 silly fetch manifest es-set-tostringtag@^2.1.0
522 silly packumentCache full:https://registry.npmjs.org/es-set-tostringtag cache-miss
523 silly fetch manifest agent-base@6
524 silly packumentCache full:https://registry.npmjs.org/agent-base cache-miss
525 http fetch GET 200 https://registry.npmjs.org/asynckit 12ms (cache hit)
526 silly packumentCache full:https://registry.npmjs.org/asynckit set size:18932 disposed:false
527 http fetch GET 200 https://registry.npmjs.org/combined-stream 13ms (cache hit)
528 silly packumentCache full:https://registry.npmjs.org/combined-stream set size:40337 disposed:false
529 http fetch GET 200 https://registry.npmjs.org/es-set-tostringtag 16ms (cache hit)
530 silly packumentCache full:https://registry.npmjs.org/es-set-tostringtag set size:22094 disposed:false
531 http fetch GET 200 https://registry.npmjs.org/hasown 19ms (cache hit)
532 silly packumentCache full:https://registry.npmjs.org/hasown set size:18361 disposed:false
533 http fetch GET 200 https://registry.npmjs.org/agent-base 17ms (cache hit)
534 silly packumentCache full:https://registry.npmjs.org/agent-base set size:72085 disposed:false
535 silly placeDep ROOT asynckit@0.4.0 OK for: form-data@4.0.6 want: ^0.4.0
536 silly placeDep ROOT combined-stream@1.0.8 OK for: form-data@4.0.6 want: ^1.0.8
537 silly placeDep ROOT es-set-tostringtag@2.1.0 OK for: form-data@4.0.6 want: ^2.1.0
538 silly placeDep ROOT hasown@2.0.4 OK for: form-data@4.0.6 want: ^2.0.4
539 silly fetch manifest delayed-stream@~1.0.0
540 silly packumentCache full:https://registry.npmjs.org/delayed-stream cache-miss
541 silly fetch manifest es-errors@^1.3.0
542 silly packumentCache full:https://registry.npmjs.org/es-errors cache-miss
543 silly fetch manifest get-intrinsic@^1.2.6
544 silly packumentCache full:https://registry.npmjs.org/get-intrinsic cache-miss
545 silly fetch manifest has-tostringtag@^1.0.2
546 silly packumentCache full:https://registry.npmjs.org/has-tostringtag cache-miss
547 silly fetch manifest hasown@^2.0.2
548 silly packumentCache full:https://registry.npmjs.org/hasown cache-hit
549 silly fetch manifest function-bind@^1.1.2
550 silly packumentCache full:https://registry.npmjs.org/function-bind cache-miss
551 http fetch GET 200 https://registry.npmjs.org/delayed-stream 14ms (cache hit)
552 silly packumentCache full:https://registry.npmjs.org/delayed-stream set size:15820 disposed:false
553 http fetch GET 200 https://registry.npmjs.org/es-errors 15ms (cache hit)
554 silly packumentCache full:https://registry.npmjs.org/es-errors set size:16918 disposed:false
555 http fetch GET 200 https://registry.npmjs.org/get-intrinsic 15ms (cache hit)
556 silly packumentCache full:https://registry.npmjs.org/get-intrinsic set size:60985 disposed:false
557 http fetch GET 200 https://registry.npmjs.org/has-tostringtag 16ms (cache hit)
558 silly packumentCache full:https://registry.npmjs.org/has-tostringtag set size:13945 disposed:false
559 http fetch GET 200 https://registry.npmjs.org/function-bind 16ms (cache hit)
560 silly packumentCache full:https://registry.npmjs.org/function-bind set size:15733 disposed:false
561 silly placeDep ROOT delayed-stream@1.0.0 OK for: combined-stream@1.0.8 want: ~1.0.0
562 silly placeDep ROOT es-errors@1.3.0 OK for: es-set-tostringtag@2.1.0 want: ^1.3.0
563 silly placeDep ROOT get-intrinsic@1.3.0 OK for: es-set-tostringtag@2.1.0 want: ^1.2.6
564 silly placeDep ROOT has-tostringtag@1.0.2 OK for: es-set-tostringtag@2.1.0 want: ^1.0.2
565 silly fetch manifest gopd@^1.2.0
566 silly packumentCache full:https://registry.npmjs.org/gopd cache-miss
567 silly fetch manifest get-proto@^1.0.1
568 silly packumentCache full:https://registry.npmjs.org/get-proto cache-miss
569 silly fetch manifest has-symbols@^1.1.0
570 silly packumentCache full:https://registry.npmjs.org/has-symbols cache-miss
571 silly fetch manifest es-object-atoms@^1.1.1
572 silly packumentCache full:https://registry.npmjs.org/es-object-atoms cache-miss
573 silly fetch manifest math-intrinsics@^1.1.0
574 silly packumentCache full:https://registry.npmjs.org/math-intrinsics cache-miss
575 silly fetch manifest es-define-property@^1.0.1
576 silly packumentCache full:https://registry.npmjs.org/es-define-property cache-miss
577 silly fetch manifest call-bind-apply-helpers@^1.0.2
578 silly packumentCache full:https://registry.npmjs.org/call-bind-apply-helpers cache-miss
579 silly fetch manifest has-symbols@^1.0.3
580 silly packumentCache full:https://registry.npmjs.org/has-symbols cache-miss
581 http fetch GET 200 https://registry.npmjs.org/es-object-atoms 22ms (cache hit)
582 silly packumentCache full:https://registry.npmjs.org/es-object-atoms set size:18278 disposed:false
583 http fetch GET 200 https://registry.npmjs.org/get-proto 24ms (cache hit)
584 silly packumentCache full:https://registry.npmjs.org/get-proto set size:8300 disposed:false
585 http fetch GET 200 https://registry.npmjs.org/gopd 26ms (cache hit)
586 silly packumentCache full:https://registry.npmjs.org/gopd set size:11458 disposed:false
587 http fetch GET 200 https://registry.npmjs.org/has-symbols 25ms (cache hit)
588 silly packumentCache full:https://registry.npmjs.org/has-symbols set size:21550 disposed:false
589 http fetch GET 200 https://registry.npmjs.org/math-intrinsics 25ms (cache hit)
590 silly packumentCache full:https://registry.npmjs.org/math-intrinsics set size:9265 disposed:false
591 http fetch GET 200 https://registry.npmjs.org/es-define-property 24ms (cache hit)
592 silly packumentCache full:https://registry.npmjs.org/es-define-property set size:8542 disposed:false
593 http fetch GET 200 https://registry.npmjs.org/call-bind-apply-helpers 25ms (cache hit)
594 silly packumentCache full:https://registry.npmjs.org/call-bind-apply-helpers set size:12744 disposed:false
595 http fetch GET 200 https://registry.npmjs.org/has-symbols 24ms (cache hit)
596 silly packumentCache full:https://registry.npmjs.org/has-symbols set size:21550 disposed:false
597 silly packumentCache full:https://registry.npmjs.org/has-symbols dispose
598 silly placeDep ROOT call-bind-apply-helpers@1.0.2 OK for: get-intrinsic@1.3.0 want: ^1.0.2
599 silly placeDep ROOT es-define-property@1.0.1 OK for: get-intrinsic@1.3.0 want: ^1.0.1
600 silly placeDep ROOT es-object-atoms@1.1.2 OK for: get-intrinsic@1.3.0 want: ^1.1.1
601 silly placeDep ROOT function-bind@1.1.2 OK for: get-intrinsic@1.3.0 want: ^1.1.2
602 silly placeDep ROOT get-proto@1.0.1 OK for: get-intrinsic@1.3.0 want: ^1.0.1
603 silly placeDep ROOT gopd@1.2.0 OK for: get-intrinsic@1.3.0 want: ^1.2.0
604 silly placeDep ROOT has-symbols@1.1.0 OK for: get-intrinsic@1.3.0 want: ^1.1.0
605 silly placeDep ROOT math-intrinsics@1.1.0 OK for: get-intrinsic@1.3.0 want: ^1.1.0
606 silly fetch manifest dunder-proto@^1.0.1
607 silly packumentCache full:https://registry.npmjs.org/dunder-proto cache-miss
608 http fetch GET 200 https://registry.npmjs.org/dunder-proto 6ms (cache hit)
609 silly packumentCache full:https://registry.npmjs.org/dunder-proto set size:8256 disposed:false
610 silly placeDep ROOT dunder-proto@1.0.1 OK for: get-proto@1.0.1 want: ^1.0.1
611 silly placeDep ROOT agent-base@6.0.2 OK for: https-proxy-agent@5.0.1 want: 6
612 silly placeDep ROOT cookie@1.1.1 OK for: light-my-request@6.6.0 want: ^1.0.1
613 silly placeDep node_modules/light-my-request process-warning@4.0.1 OK for: light-my-request@6.6.0 want: ^4.0.0
614 silly placeDep ROOT set-cookie-parser@2.7.2 OK for: light-my-request@6.6.0 want: ^2.6.0
615 silly placeDep ROOT mime-db@1.52.0 OK for: mime-types@2.1.35 want: 1.52.0
616 silly placeDep ROOT msgpackr-extract@3.0.4 OK for: msgpackr@2.0.4 want: ^3.0.4
617 silly fetch manifest node-gyp-build-optional-packages@5.2.2
618 silly packumentCache full:https://registry.npmjs.org/node-gyp-build-optional-packages cache-miss
619 silly fetch manifest @msgpackr-extract/msgpackr-extract-darwin-arm64@3.0.4
620 silly packumentCache full:https://registry.npmjs.org/@msgpackr-extract%2fmsgpackr-extract-darwin-arm64 cache-miss
621 silly fetch manifest @msgpackr-extract/msgpackr-extract-darwin-x64@3.0.4
622 silly packumentCache full:https://registry.npmjs.org/@msgpackr-extract%2fmsgpackr-extract-darwin-x64 cache-miss
623 silly fetch manifest @msgpackr-extract/msgpackr-extract-linux-arm@3.0.4
624 silly packumentCache full:https://registry.npmjs.org/@msgpackr-extract%2fmsgpackr-extract-linux-arm cache-miss
625 silly fetch manifest @msgpackr-extract/msgpackr-extract-linux-arm64@3.0.4
626 silly packumentCache full:https://registry.npmjs.org/@msgpackr-extract%2fmsgpackr-extract-linux-arm64 cache-miss
627 silly fetch manifest @msgpackr-extract/msgpackr-extract-linux-x64@3.0.4
628 silly packumentCache full:https://registry.npmjs.org/@msgpackr-extract%2fmsgpackr-extract-linux-x64 cache-miss
629 silly fetch manifest @msgpackr-extract/msgpackr-extract-win32-x64@3.0.4
630 silly packumentCache full:https://registry.npmjs.org/@msgpackr-extract%2fmsgpackr-extract-win32-x64 cache-miss
631 http fetch GET 200 https://registry.npmjs.org/@msgpackr-extract%2fmsgpackr-extract-darwin-arm64 18ms (cache hit)
632 silly packumentCache full:https://registry.npmjs.org/@msgpackr-extract%2fmsgpackr-extract-darwin-arm64 set size:26146 disposed:false
633 http fetch GET 200 https://registry.npmjs.org/@msgpackr-extract%2fmsgpackr-extract-darwin-x64 19ms (cache hit)
634 silly packumentCache full:https://registry.npmjs.org/@msgpackr-extract%2fmsgpackr-extract-darwin-x64 set size:25980 disposed:false
635 http fetch GET 200 https://registry.npmjs.org/@msgpackr-extract%2fmsgpackr-extract-linux-arm 19ms (cache hit)
636 silly packumentCache full:https://registry.npmjs.org/@msgpackr-extract%2fmsgpackr-extract-linux-arm set size:25890 disposed:false
637 http fetch GET 200 https://registry.npmjs.org/node-gyp-build-optional-packages 21ms (cache hit)
638 silly packumentCache full:https://registry.npmjs.org/node-gyp-build-optional-packages set size:49852 disposed:false
639 http fetch GET 200 https://registry.npmjs.org/@msgpackr-extract%2fmsgpackr-extract-linux-x64 20ms (cache hit)
640 silly packumentCache full:https://registry.npmjs.org/@msgpackr-extract%2fmsgpackr-extract-linux-x64 set size:25891 disposed:false
641 http fetch GET 200 https://registry.npmjs.org/@msgpackr-extract%2fmsgpackr-extract-linux-arm64 20ms (cache hit)
642 silly packumentCache full:https://registry.npmjs.org/@msgpackr-extract%2fmsgpackr-extract-linux-arm64 set size:26049 disposed:false
643 http fetch GET 200 https://registry.npmjs.org/@msgpackr-extract%2fmsgpackr-extract-win32-x64 20ms (cache hit)
644 silly packumentCache full:https://registry.npmjs.org/@msgpackr-extract%2fmsgpackr-extract-win32-x64 set size:25902 disposed:false
645 silly placeDep ROOT @msgpackr-extract/msgpackr-extract-darwin-arm64@3.0.4 OK for: msgpackr-extract@3.0.4 want: 3.0.4
646 silly placeDep ROOT @msgpackr-extract/msgpackr-extract-darwin-x64@3.0.4 OK for: msgpackr-extract@3.0.4 want: 3.0.4
647 silly placeDep ROOT @msgpackr-extract/msgpackr-extract-linux-arm@3.0.4 OK for: msgpackr-extract@3.0.4 want: 3.0.4
648 silly placeDep ROOT @msgpackr-extract/msgpackr-extract-linux-arm64@3.0.4 OK for: msgpackr-extract@3.0.4 want: 3.0.4
649 silly placeDep ROOT @msgpackr-extract/msgpackr-extract-linux-x64@3.0.4 OK for: msgpackr-extract@3.0.4 want: 3.0.4
650 silly placeDep ROOT @msgpackr-extract/msgpackr-extract-win32-x64@3.0.4 OK for: msgpackr-extract@3.0.4 want: 3.0.4
651 silly placeDep ROOT node-gyp-build-optional-packages@5.2.2 OK for: msgpackr-extract@3.0.4 want: 5.2.2
652 silly fetch manifest detect-libc@^2.0.1
653 silly packumentCache full:https://registry.npmjs.org/detect-libc cache-miss
654 http fetch GET 200 https://registry.npmjs.org/detect-libc 6ms (cache hit)
655 silly packumentCache full:https://registry.npmjs.org/detect-libc set size:47861 disposed:false
656 silly placeDep ROOT detect-libc@2.1.2 OK for: node-gyp-build-optional-packages@5.2.2 want: ^2.0.1
657 silly placeDep ROOT chokidar@3.6.0 OK for: nodemon@3.1.14 want: ^3.5.2
658 silly placeDep ROOT ignore-by-default@1.0.1 OK for: nodemon@3.1.14 want: ^1.0.1
659 silly placeDep ROOT minimatch@10.2.5 OK for: nodemon@3.1.14 want: ^10.2.1
660 silly placeDep ROOT pstree.remy@1.1.8 OK for: nodemon@3.1.14 want: ^1.1.8
661 silly placeDep ROOT simple-update-notifier@2.0.0 OK for: nodemon@3.1.14 want: ^2.0.0
662 silly placeDep ROOT supports-color@5.5.0 OK for: nodemon@3.1.14 want: ^5.5.0
663 silly placeDep ROOT touch@3.1.1 OK for: nodemon@3.1.14 want: ^3.1.0
664 silly placeDep ROOT undefsafe@2.0.5 OK for: nodemon@3.1.14 want: ^2.0.5
665 silly fetch manifest braces@~3.0.2
666 silly packumentCache full:https://registry.npmjs.org/braces cache-miss
667 silly fetch manifest is-glob@~4.0.1
668 silly packumentCache full:https://registry.npmjs.org/is-glob cache-miss
669 silly fetch manifest anymatch@~3.1.2
670 silly packumentCache full:https://registry.npmjs.org/anymatch cache-miss
671 silly fetch manifest readdirp@~3.6.0
672 silly packumentCache full:https://registry.npmjs.org/readdirp cache-miss
673 silly fetch manifest glob-parent@~5.1.2
674 silly packumentCache full:https://registry.npmjs.org/glob-parent cache-miss
675 silly fetch manifest is-binary-path@~2.1.0
676 silly packumentCache full:https://registry.npmjs.org/is-binary-path cache-miss
677 silly fetch manifest normalize-path@~3.0.0
678 silly packumentCache full:https://registry.npmjs.org/normalize-path cache-miss
679 silly fetch manifest fsevents@~2.3.2
680 silly packumentCache full:https://registry.npmjs.org/fsevents cache-hit
681 silly fetch manifest brace-expansion@^5.0.5
682 silly packumentCache full:https://registry.npmjs.org/brace-expansion cache-miss
683 silly fetch manifest has-flag@^3.0.0
684 silly packumentCache full:https://registry.npmjs.org/has-flag cache-miss
685 http fetch GET 200 https://registry.npmjs.org/braces 27ms (cache hit)
686 silly packumentCache full:https://registry.npmjs.org/braces set size:114529 disposed:false
687 http fetch GET 200 https://registry.npmjs.org/is-glob 27ms (cache hit)
688 silly packumentCache full:https://registry.npmjs.org/is-glob set size:40530 disposed:false
689 http fetch GET 200 https://registry.npmjs.org/readdirp 27ms (cache hit)
690 silly packumentCache full:https://registry.npmjs.org/readdirp set size:107589 disposed:false
691 http fetch GET 200 https://registry.npmjs.org/anymatch 31ms (cache hit)
692 silly packumentCache full:https://registry.npmjs.org/anymatch set size:42974 disposed:false
693 http fetch GET 200 https://registry.npmjs.org/normalize-path 30ms (cache hit)
694 silly packumentCache full:https://registry.npmjs.org/normalize-path set size:28713 disposed:false
695 http fetch GET 200 https://registry.npmjs.org/glob-parent 31ms (cache hit)
696 silly packumentCache full:https://registry.npmjs.org/glob-parent set size:42445 disposed:false
697 http fetch GET 200 https://registry.npmjs.org/is-binary-path 33ms (cache hit)
698 silly packumentCache full:https://registry.npmjs.org/is-binary-path set size:13475 disposed:false
699 http fetch GET 200 https://registry.npmjs.org/brace-expansion 33ms (cache hit)
700 silly packumentCache full:https://registry.npmjs.org/brace-expansion set size:78539 disposed:false
701 http fetch GET 200 https://registry.npmjs.org/has-flag 34ms (cache hit)
702 silly packumentCache full:https://registry.npmjs.org/has-flag set size:15180 disposed:false
703 silly placeDep ROOT anymatch@3.1.3 OK for: chokidar@3.6.0 want: ~3.1.2
704 silly placeDep ROOT braces@3.0.3 OK for: chokidar@3.6.0 want: ~3.0.2
705 silly placeDep ROOT fsevents@2.3.3 OK for: chokidar@3.6.0 want: ~2.3.2
706 silly placeDep ROOT glob-parent@5.1.2 OK for: chokidar@3.6.0 want: ~5.1.2
707 silly placeDep ROOT is-binary-path@2.1.0 OK for: chokidar@3.6.0 want: ~2.1.0
708 silly placeDep ROOT is-glob@4.0.3 OK for: chokidar@3.6.0 want: ~4.0.1
709 silly placeDep ROOT normalize-path@3.0.0 OK for: chokidar@3.6.0 want: ~3.0.0
710 silly placeDep ROOT readdirp@3.6.0 OK for: chokidar@3.6.0 want: ~3.6.0
711 silly fetch manifest picomatch@^2.0.4
712 silly packumentCache full:https://registry.npmjs.org/picomatch cache-miss
713 silly fetch manifest normalize-path@^3.0.0
714 silly packumentCache full:https://registry.npmjs.org/normalize-path cache-hit
715 silly fetch manifest fill-range@^7.1.1
716 silly packumentCache full:https://registry.npmjs.org/fill-range cache-miss
717 silly fetch manifest is-glob@^4.0.1
718 silly packumentCache full:https://registry.npmjs.org/is-glob cache-hit
719 silly fetch manifest binary-extensions@^2.0.0
720 silly packumentCache full:https://registry.npmjs.org/binary-extensions cache-miss
721 silly fetch manifest is-extglob@^2.1.1
722 silly packumentCache full:https://registry.npmjs.org/is-extglob cache-miss
723 silly fetch manifest picomatch@^2.2.1
724 silly packumentCache full:https://registry.npmjs.org/picomatch cache-miss
725 http fetch GET 200 https://registry.npmjs.org/binary-extensions 18ms (cache hit)
726 silly packumentCache full:https://registry.npmjs.org/binary-extensions set size:51551 disposed:false
727 http fetch GET 200 https://registry.npmjs.org/picomatch 20ms (cache hit)
728 silly packumentCache full:https://registry.npmjs.org/picomatch set size:128942 disposed:false
729 http fetch GET 200 https://registry.npmjs.org/fill-range 21ms (cache hit)
730 silly packumentCache full:https://registry.npmjs.org/fill-range set size:90162 disposed:false
731 http fetch GET 200 https://registry.npmjs.org/picomatch 22ms (cache hit)
732 silly packumentCache full:https://registry.npmjs.org/picomatch set size:128942 disposed:false
733 silly packumentCache full:https://registry.npmjs.org/picomatch dispose
734 http fetch GET 200 https://registry.npmjs.org/is-extglob 24ms (cache hit)
735 silly packumentCache full:https://registry.npmjs.org/is-extglob set size:11766 disposed:false
736 silly placeDep ROOT picomatch@2.3.2 OK for: anymatch@3.1.3 want: ^2.0.4
737 silly placeDep ROOT fill-range@7.1.1 OK for: braces@3.0.3 want: ^7.1.1
738 silly fetch manifest to-regex-range@^5.0.1
739 silly packumentCache full:https://registry.npmjs.org/to-regex-range cache-miss
740 http fetch GET 200 https://registry.npmjs.org/to-regex-range 5ms (cache hit)
741 silly packumentCache full:https://registry.npmjs.org/to-regex-range set size:61569 disposed:false
742 silly placeDep ROOT to-regex-range@5.0.1 OK for: fill-range@7.1.1 want: ^5.0.1
743 silly fetch manifest is-number@^7.0.0
744 silly packumentCache full:https://registry.npmjs.org/is-number cache-miss
745 http fetch GET 200 https://registry.npmjs.org/is-number 7ms (cache hit)
746 silly packumentCache full:https://registry.npmjs.org/is-number set size:36183 disposed:false
747 silly placeDep ROOT binary-extensions@2.3.0 OK for: is-binary-path@2.1.0 want: ^2.0.0
748 silly placeDep ROOT is-extglob@2.1.1 OK for: is-glob@4.0.3 want: ^2.1.1
749 silly placeDep ROOT brace-expansion@5.0.7 OK for: minimatch@10.2.5 want: ^5.0.5
750 silly fetch manifest balanced-match@^4.0.2
751 silly packumentCache full:https://registry.npmjs.org/balanced-match cache-miss
752 http fetch GET 200 https://registry.npmjs.org/balanced-match 6ms (cache hit)
753 silly packumentCache full:https://registry.npmjs.org/balanced-match set size:39082 disposed:false
754 silly placeDep ROOT balanced-match@4.0.4 OK for: brace-expansion@5.0.7 want: ^4.0.2
755 silly placeDep ROOT @pinojs/redact@0.4.0 OK for: pino@10.3.1 want: ^0.4.0
756 silly placeDep ROOT atomic-sleep@1.0.0 OK for: pino@10.3.1 want: ^1.0.0
757 silly placeDep ROOT on-exit-leak-free@2.1.2 OK for: pino@10.3.1 want: ^2.1.0
758 silly placeDep ROOT pino-abstract-transport@3.0.0 OK for: pino@10.3.1 want: ^3.0.0
759 silly placeDep ROOT pino-std-serializers@7.1.0 OK for: pino@10.3.1 want: ^7.0.0
760 silly placeDep ROOT quick-format-unescaped@4.0.4 OK for: pino@10.3.1 want: ^4.0.3
761 silly placeDep ROOT real-require@0.2.0 OK for: pino@10.3.1 want: ^0.2.0
762 silly placeDep ROOT safe-stable-stringify@2.5.0 OK for: pino@10.3.1 want: ^2.3.1
763 silly placeDep ROOT sonic-boom@4.2.1 OK for: pino@10.3.1 want: ^4.0.1
764 silly placeDep ROOT thread-stream@4.2.0 OK for: pino@10.3.1 want: ^4.0.0
765 silly fetch manifest split2@^4.0.0
766 silly packumentCache full:https://registry.npmjs.org/split2 cache-miss
767 silly fetch manifest real-require@^1.0.0
768 silly packumentCache full:https://registry.npmjs.org/real-require cache-hit
769 http fetch GET 200 https://registry.npmjs.org/split2 6ms (cache hit)
770 silly packumentCache full:https://registry.npmjs.org/split2 set size:47438 disposed:false
771 silly placeDep ROOT split2@4.2.0 OK for: pino-abstract-transport@3.0.0 want: ^4.0.0
772 silly placeDep ROOT colorette@2.0.20 OK for: pino-pretty@13.1.3 want: ^2.0.7
773 silly placeDep ROOT dateformat@4.6.3 OK for: pino-pretty@13.1.3 want: ^4.6.3
774 silly placeDep ROOT fast-copy@4.0.4 OK for: pino-pretty@13.1.3 want: ^4.0.0
775 silly placeDep ROOT fast-safe-stringify@2.1.1 OK for: pino-pretty@13.1.3 want: ^2.1.1
776 silly placeDep ROOT help-me@5.0.0 OK for: pino-pretty@13.1.3 want: ^5.0.0
777 silly placeDep ROOT joycon@3.1.1 OK for: pino-pretty@13.1.3 want: ^3.1.1
778 silly placeDep ROOT minimist@1.2.8 OK for: pino-pretty@13.1.3 want: ^1.2.6
779 silly placeDep ROOT pump@3.0.4 OK for: pino-pretty@13.1.3 want: ^3.0.0
780 silly placeDep ROOT strip-json-comments@5.0.3 OK for: pino-pretty@13.1.3 want: ^5.0.2
781 silly fetch manifest end-of-stream@^1.1.0
782 silly packumentCache full:https://registry.npmjs.org/end-of-stream cache-miss
783 silly fetch manifest once@^1.3.1
784 silly packumentCache full:https://registry.npmjs.org/once cache-miss
785 http fetch GET 200 https://registry.npmjs.org/end-of-stream 9ms (cache hit)
786 silly packumentCache full:https://registry.npmjs.org/end-of-stream set size:27842 disposed:false
787 http fetch GET 200 https://registry.npmjs.org/once 10ms (cache hit)
788 silly packumentCache full:https://registry.npmjs.org/once set size:11752 disposed:false
789 silly placeDep ROOT end-of-stream@1.4.5 OK for: pump@3.0.4 want: ^1.1.0
790 silly placeDep ROOT once@1.4.0 OK for: pump@3.0.4 want: ^1.3.1
791 silly fetch manifest once@^1.4.0
792 silly packumentCache full:https://registry.npmjs.org/once cache-hit
793 silly fetch manifest wrappy@1
794 silly packumentCache full:https://registry.npmjs.org/wrappy cache-miss
795 http fetch GET 200 https://registry.npmjs.org/wrappy 6ms (cache hit)
796 silly packumentCache full:https://registry.npmjs.org/wrappy set size:7682 disposed:false
797 silly placeDep ROOT wrappy@1.0.2 OK for: once@1.4.0 want: 1
798 silly placeDep ROOT ret@0.5.0 OK for: safe-regex2@5.1.1 want: ~0.5.0
799 silly placeDep ROOT has-flag@3.0.0 OK for: supports-color@5.5.0 want: ^3.0.0
800 silly placeDep node_modules/thread-stream real-require@1.0.0 OK for: thread-stream@4.2.0 want: ^1.0.0
801 silly placeDep ROOT is-number@7.0.0 OK for: to-regex-range@5.0.1 want: ^7.0.0
802 silly placeDep ROOT esbuild@0.28.1 OK for: tsx@4.23.0 want: ~0.28.0
803 silly fetch manifest @esbuild/aix-ppc64@0.28.1
804 silly packumentCache full:https://registry.npmjs.org/@esbuild%2faix-ppc64 cache-miss
805 silly fetch manifest @esbuild/android-arm@0.28.1
806 silly packumentCache full:https://registry.npmjs.org/@esbuild%2fandroid-arm cache-miss
807 silly fetch manifest @esbuild/android-arm64@0.28.1
808 silly packumentCache full:https://registry.npmjs.org/@esbuild%2fandroid-arm64 cache-miss
809 silly fetch manifest @esbuild/android-x64@0.28.1
810 silly packumentCache full:https://registry.npmjs.org/@esbuild%2fandroid-x64 cache-miss
811 silly fetch manifest @esbuild/darwin-arm64@0.28.1
812 silly packumentCache full:https://registry.npmjs.org/@esbuild%2fdarwin-arm64 cache-miss
813 silly fetch manifest @esbuild/darwin-x64@0.28.1
814 silly packumentCache full:https://registry.npmjs.org/@esbuild%2fdarwin-x64 cache-miss
815 silly fetch manifest @esbuild/freebsd-arm64@0.28.1
816 silly packumentCache full:https://registry.npmjs.org/@esbuild%2ffreebsd-arm64 cache-miss
817 silly fetch manifest @esbuild/freebsd-x64@0.28.1
818 silly packumentCache full:https://registry.npmjs.org/@esbuild%2ffreebsd-x64 cache-miss
819 silly fetch manifest @esbuild/linux-arm@0.28.1
820 silly packumentCache full:https://registry.npmjs.org/@esbuild%2flinux-arm cache-miss
821 silly fetch manifest @esbuild/linux-arm64@0.28.1
822 silly packumentCache full:https://registry.npmjs.org/@esbuild%2flinux-arm64 cache-miss
823 silly fetch manifest @esbuild/linux-ia32@0.28.1
824 silly packumentCache full:https://registry.npmjs.org/@esbuild%2flinux-ia32 cache-miss
825 http fetch GET 200 https://registry.npmjs.org/@esbuild%2faix-ppc64 27ms (cache hit)
826 silly packumentCache full:https://registry.npmjs.org/@esbuild%2faix-ppc64 set size:65972 disposed:false
827 silly fetch manifest @esbuild/linux-loong64@0.28.1
828 silly packumentCache full:https://registry.npmjs.org/@esbuild%2flinux-loong64 cache-miss
829 http fetch GET 200 https://registry.npmjs.org/@esbuild%2fandroid-arm 28ms (cache hit)
830 silly packumentCache full:https://registry.npmjs.org/@esbuild%2fandroid-arm set size:223400 disposed:false
831 silly fetch manifest @esbuild/linux-mips64el@0.28.1
832 silly packumentCache full:https://registry.npmjs.org/@esbuild%2flinux-mips64el cache-miss
833 http fetch GET 200 https://registry.npmjs.org/@esbuild%2fdarwin-x64 30ms (cache hit)
834 silly packumentCache full:https://registry.npmjs.org/@esbuild%2fdarwin-x64 set size:197848 disposed:false
835 silly fetch manifest @esbuild/linux-ppc64@0.28.1
836 silly packumentCache full:https://registry.npmjs.org/@esbuild%2flinux-ppc64 cache-miss
837 http fetch GET 200 https://registry.npmjs.org/@esbuild%2fandroid-arm64 34ms (cache hit)
838 silly packumentCache full:https://registry.npmjs.org/@esbuild%2fandroid-arm64 set size:202366 disposed:false
839 silly fetch manifest @esbuild/linux-riscv64@0.28.1
840 silly packumentCache full:https://registry.npmjs.org/@esbuild%2flinux-riscv64 cache-miss
841 http fetch GET 200 https://registry.npmjs.org/@esbuild%2fandroid-x64 36ms (cache hit)
842 silly packumentCache full:https://registry.npmjs.org/@esbuild%2fandroid-x64 set size:197200 disposed:false
843 silly fetch manifest @esbuild/linux-s390x@0.28.1
844 silly packumentCache full:https://registry.npmjs.org/@esbuild%2flinux-s390x cache-miss
845 http fetch GET 200 https://registry.npmjs.org/@esbuild%2fdarwin-arm64 37ms (cache hit)
846 silly packumentCache full:https://registry.npmjs.org/@esbuild%2fdarwin-arm64 set size:199630 disposed:false
847 silly fetch manifest @esbuild/linux-x64@0.28.1
848 silly packumentCache full:https://registry.npmjs.org/@esbuild%2flinux-x64 cache-miss
849 http fetch GET 200 https://registry.npmjs.org/@esbuild%2ffreebsd-x64 38ms (cache hit)
850 silly packumentCache full:https://registry.npmjs.org/@esbuild%2ffreebsd-x64 set size:198734 disposed:false
851 silly fetch manifest @esbuild/netbsd-arm64@0.28.1
852 silly packumentCache full:https://registry.npmjs.org/@esbuild%2fnetbsd-arm64 cache-miss
853 http fetch GET 200 https://registry.npmjs.org/@esbuild%2ffreebsd-arm64 41ms (cache hit)
854 silly packumentCache full:https://registry.npmjs.org/@esbuild%2ffreebsd-arm64 set size:200534 disposed:false
855 silly fetch manifest @esbuild/netbsd-x64@0.28.1
856 silly packumentCache full:https://registry.npmjs.org/@esbuild%2fnetbsd-x64 cache-miss
857 http fetch GET 200 https://registry.npmjs.org/@esbuild%2flinux-arm 43ms (cache hit)
858 silly packumentCache full:https://registry.npmjs.org/@esbuild%2flinux-arm set size:196784 disposed:false
859 silly fetch manifest @esbuild/openbsd-arm64@0.28.1
860 silly packumentCache full:https://registry.npmjs.org/@esbuild%2fopenbsd-arm64 cache-miss
861 http fetch GET 200 https://registry.npmjs.org/@esbuild%2flinux-arm64 45ms (cache hit)
862 silly packumentCache full:https://registry.npmjs.org/@esbuild%2flinux-arm64 set size:198939 disposed:false
863 silly fetch manifest @esbuild/openbsd-x64@0.28.1
864 silly packumentCache full:https://registry.npmjs.org/@esbuild%2fopenbsd-x64 cache-miss
865 http fetch GET 200 https://registry.npmjs.org/@esbuild%2flinux-ia32 46ms (cache hit)
866 silly packumentCache full:https://registry.npmjs.org/@esbuild%2flinux-ia32 set size:197805 disposed:false
867 silly fetch manifest @esbuild/openharmony-arm64@0.28.1
868 silly packumentCache full:https://registry.npmjs.org/@esbuild%2fopenharmony-arm64 cache-miss
869 http fetch GET 200 https://registry.npmjs.org/@esbuild%2flinux-mips64el 38ms (cache hit)
870 silly packumentCache full:https://registry.npmjs.org/@esbuild%2flinux-mips64el set size:202764 disposed:false
871 silly fetch manifest @esbuild/sunos-x64@0.28.1
872 silly packumentCache full:https://registry.npmjs.org/@esbuild%2fsunos-x64 cache-miss
873 http fetch GET 200 https://registry.npmjs.org/@esbuild%2flinux-riscv64 35ms (cache hit)
874 silly packumentCache full:https://registry.npmjs.org/@esbuild%2flinux-riscv64 set size:200662 disposed:false
875 silly fetch manifest @esbuild/win32-arm64@0.28.1
876 silly packumentCache full:https://registry.npmjs.org/@esbuild%2fwin32-arm64 cache-miss
877 http fetch GET 200 https://registry.npmjs.org/@esbuild%2flinux-loong64 48ms (cache hit)
878 silly packumentCache full:https://registry.npmjs.org/@esbuild%2flinux-loong64 set size:253896 disposed:false
879 silly fetch manifest @esbuild/win32-ia32@0.28.1
880 silly packumentCache full:https://registry.npmjs.org/@esbuild%2fwin32-ia32 cache-miss
881 http fetch GET 200 https://registry.npmjs.org/@esbuild%2flinux-ppc64 45ms (cache hit)
882 silly packumentCache full:https://registry.npmjs.org/@esbuild%2flinux-ppc64 set size:200994 disposed:false
883 silly fetch manifest @esbuild/win32-x64@0.28.1
884 silly packumentCache full:https://registry.npmjs.org/@esbuild%2fwin32-x64 cache-miss
885 http fetch GET 200 https://registry.npmjs.org/@esbuild%2flinux-x64 42ms (cache hit)
886 silly packumentCache full:https://registry.npmjs.org/@esbuild%2flinux-x64 set size:197126 disposed:false
887 http fetch GET 200 https://registry.npmjs.org/@esbuild%2fnetbsd-arm64 42ms (cache hit)
888 silly packumentCache full:https://registry.npmjs.org/@esbuild%2fnetbsd-arm64 set size:42467 disposed:false
889 http fetch GET 200 https://registry.npmjs.org/@esbuild%2flinux-s390x 47ms (cache hit)
890 silly packumentCache full:https://registry.npmjs.org/@esbuild%2flinux-s390x set size:200463 disposed:false
891 http fetch GET 200 https://registry.npmjs.org/@esbuild%2fnetbsd-x64 42ms (cache hit)
892 silly packumentCache full:https://registry.npmjs.org/@esbuild%2fnetbsd-x64 set size:195514 disposed:false
893 http fetch GET 200 https://registry.npmjs.org/@esbuild%2fopenharmony-arm64 39ms (cache hit)
894 silly packumentCache full:https://registry.npmjs.org/@esbuild%2fopenharmony-arm64 set size:31189 disposed:false
895 http fetch GET 200 https://registry.npmjs.org/@esbuild%2fopenbsd-arm64 44ms (cache hit)
896 silly packumentCache full:https://registry.npmjs.org/@esbuild%2fopenbsd-arm64 set size:47792 disposed:false
897 http fetch GET 200 https://registry.npmjs.org/@esbuild%2fopenbsd-x64 42ms (cache hit)
898 silly packumentCache full:https://registry.npmjs.org/@esbuild%2fopenbsd-x64 set size:198745 disposed:false
899 http fetch GET 200 https://registry.npmjs.org/@esbuild%2fsunos-x64 30ms (cache hit)
900 silly packumentCache full:https://registry.npmjs.org/@esbuild%2fsunos-x64 set size:197370 disposed:false
901 http fetch GET 200 https://registry.npmjs.org/@esbuild%2fwin32-arm64 28ms (cache hit)
902 silly packumentCache full:https://registry.npmjs.org/@esbuild%2fwin32-arm64 set size:199171 disposed:false
903 http fetch GET 200 https://registry.npmjs.org/@esbuild%2fwin32-ia32 28ms (cache hit)
904 silly packumentCache full:https://registry.npmjs.org/@esbuild%2fwin32-ia32 set size:198030 disposed:false
905 http fetch GET 200 https://registry.npmjs.org/@esbuild%2fwin32-x64 25ms (cache hit)
906 silly packumentCache full:https://registry.npmjs.org/@esbuild%2fwin32-x64 set size:195722 disposed:false
907 silly placeDep ROOT @esbuild/aix-ppc64@0.28.1 OK for: esbuild@0.28.1 want: 0.28.1
908 silly placeDep ROOT @esbuild/android-arm@0.28.1 OK for: esbuild@0.28.1 want: 0.28.1
909 silly placeDep ROOT @esbuild/android-arm64@0.28.1 OK for: esbuild@0.28.1 want: 0.28.1
910 silly placeDep ROOT @esbuild/android-x64@0.28.1 OK for: esbuild@0.28.1 want: 0.28.1
911 silly placeDep ROOT @esbuild/darwin-arm64@0.28.1 OK for: esbuild@0.28.1 want: 0.28.1
912 silly placeDep ROOT @esbuild/darwin-x64@0.28.1 OK for: esbuild@0.28.1 want: 0.28.1
913 silly placeDep ROOT @esbuild/freebsd-arm64@0.28.1 OK for: esbuild@0.28.1 want: 0.28.1
914 silly placeDep ROOT @esbuild/freebsd-x64@0.28.1 OK for: esbuild@0.28.1 want: 0.28.1
915 silly placeDep ROOT @esbuild/linux-arm@0.28.1 OK for: esbuild@0.28.1 want: 0.28.1
916 silly placeDep ROOT @esbuild/linux-arm64@0.28.1 OK for: esbuild@0.28.1 want: 0.28.1
917 silly placeDep ROOT @esbuild/linux-ia32@0.28.1 OK for: esbuild@0.28.1 want: 0.28.1
918 silly placeDep ROOT @esbuild/linux-loong64@0.28.1 OK for: esbuild@0.28.1 want: 0.28.1
919 silly placeDep ROOT @esbuild/linux-mips64el@0.28.1 OK for: esbuild@0.28.1 want: 0.28.1
920 silly placeDep ROOT @esbuild/linux-ppc64@0.28.1 OK for: esbuild@0.28.1 want: 0.28.1
921 silly placeDep ROOT @esbuild/linux-riscv64@0.28.1 OK for: esbuild@0.28.1 want: 0.28.1
922 silly placeDep ROOT @esbuild/linux-s390x@0.28.1 OK for: esbuild@0.28.1 want: 0.28.1
923 silly placeDep ROOT @esbuild/linux-x64@0.28.1 OK for: esbuild@0.28.1 want: 0.28.1
924 silly placeDep ROOT @esbuild/netbsd-arm64@0.28.1 OK for: esbuild@0.28.1 want: 0.28.1
925 silly placeDep ROOT @esbuild/netbsd-x64@0.28.1 OK for: esbuild@0.28.1 want: 0.28.1
926 silly placeDep ROOT @esbuild/openbsd-arm64@0.28.1 OK for: esbuild@0.28.1 want: 0.28.1
927 silly placeDep ROOT @esbuild/openbsd-x64@0.28.1 OK for: esbuild@0.28.1 want: 0.28.1
928 silly placeDep ROOT @esbuild/openharmony-arm64@0.28.1 OK for: esbuild@0.28.1 want: 0.28.1
929 silly placeDep ROOT @esbuild/sunos-x64@0.28.1 OK for: esbuild@0.28.1 want: 0.28.1
930 silly placeDep ROOT @esbuild/win32-arm64@0.28.1 OK for: esbuild@0.28.1 want: 0.28.1
931 silly placeDep ROOT @esbuild/win32-ia32@0.28.1 OK for: esbuild@0.28.1 want: 0.28.1
932 silly placeDep ROOT @esbuild/win32-x64@0.28.1 OK for: esbuild@0.28.1 want: 0.28.1
933 warn EBADENGINE Unsupported engine {
933 warn EBADENGINE   package: 'jira-flow-analytics@0.1.0',
933 warn EBADENGINE   required: { node: '>=22.0.0' },
933 warn EBADENGINE   current: { node: 'v20.15.0', npm: '10.8.3' }
933 warn EBADENGINE }
934 silly reify moves {}
935 silly audit bulk request {
935 silly audit   '@types/node': [ '24.13.3' ],
935 silly audit   bullmq: [ '5.80.1' ],
935 silly audit   dotenv: [ '16.6.1' ],
935 silly audit   fastify: [ '5.10.0' ],
935 silly audit   'fastify-plugin': [ '5.1.0' ],
935 silly audit   'jira.js': [ '5.4.0' ],
935 silly audit   nodemon: [ '3.1.14' ],
935 silly audit   'pino-pretty': [ '13.1.3' ],
935 silly audit   tsx: [ '4.23.0' ],
935 silly audit   typescript: [ '5.9.3' ],
935 silly audit   zod: [ '4.4.3' ],
935 silly audit   'undici-types': [ '7.18.2' ],
935 silly audit   'cron-parser': [ '4.9.0' ],
935 silly audit   ioredis: [ '5.10.1' ],
935 silly audit   msgpackr: [ '2.0.4' ],
935 silly audit   'node-abort-controller': [ '3.1.1' ],
935 silly audit   semver: [ '7.8.5' ],
935 silly audit   tslib: [ '2.8.1' ],
935 silly audit   luxon: [ '3.7.2' ],
935 silly audit   '@fastify/ajv-compiler': [ '4.0.5' ],
935 silly audit   '@fastify/error': [ '4.2.0' ],
935 silly audit   '@fastify/fast-json-stringify-compiler': [ '5.1.0' ],
935 silly audit   '@fastify/proxy-addr': [ '5.1.0' ],
935 silly audit   'abstract-logging': [ '2.0.1' ],
935 silly audit   avvio: [ '9.2.0' ],
935 silly audit   'fast-json-stringify': [ '7.0.1' ],
935 silly audit   'find-my-way': [ '9.6.0' ],
935 silly audit   'light-my-request': [ '6.6.0' ],
935 silly audit   pino: [ '10.3.1' ],
935 silly audit   'process-warning': [ '5.0.0', '4.0.1' ],
935 silly audit   rfdc: [ '1.4.1' ],
935 silly audit   'secure-json-parse': [ '4.1.0' ],
935 silly audit   'toad-cache': [ '3.7.4' ],
935 silly audit   ajv: [ '8.20.0' ],
935 silly audit   'ajv-formats': [ '3.0.1' ],
935 silly audit   'fast-uri': [ '3.1.3', '4.1.0' ],
935 silly audit   '@fastify/forwarded': [ '3.0.1' ],
935 silly audit   'ipaddr.js': [ '2.4.0' ],
935 silly audit   'fast-deep-equal': [ '3.1.3' ],
935 silly audit   'json-schema-traverse': [ '1.0.0' ],
935 silly audit   'require-from-string': [ '2.0.2' ],
935 silly audit   fastq: [ '1.20.1' ],
935 silly audit   '@fastify/merge-json-schemas': [ '0.2.1' ],
935 silly audit   'json-schema-ref-resolver': [ '3.0.0' ],
935 silly audit   dequal: [ '2.0.3' ],
935 silly audit   reusify: [ '1.1.0' ],
935 silly audit   'fast-querystring': [ '1.1.2' ],
935 silly audit   'safe-regex2': [ '5.1.1' ],
935 silly audit   'fast-decode-uri-component': [ '1.0.1' ],
935 silly audit   '@ioredis/commands': [ '1.5.1' ],
935 silly audit   'cluster-key-slot': [ '1.1.2' ],
935 silly audit   debug: [ '4.4.3' ],
935 silly audit   denque: [ '2.1.0' ],
935 silly audit   'lodash.defaults': [ '4.2.0' ],
935 silly audit   'lodash.isarguments': [ '3.1.0' ],
935 silly audit   'redis-errors': [ '1.2.0' ],
935 silly audit   'redis-parser': [ '3.0.0' ],
935 silly audit   'standard-as-callback': [ '2.1.0' ],
935 silly audit   ms: [ '2.1.3' ],
935 silly audit   axios: [ '1.18.1' ],
935 silly audit   'mime-types': [ '2.1.35' ],
935 silly audit   'follow-redirects': [ '1.16.0' ],
935 silly audit   'form-data': [ '4.0.6' ],
935 silly audit   'https-proxy-agent': [ '5.0.1' ],
935 silly audit   'proxy-from-env': [ '2.1.0' ],
935 silly audit   asynckit: [ '0.4.0' ],
935 silly audit   'combined-stream': [ '1.0.8' ],
935 silly audit   'es-set-tostringtag': [ '2.1.0' ],
935 silly audit   hasown: [ '2.0.4' ],
935 silly audit   'delayed-stream': [ '1.0.0' ],
935 silly audit   'es-errors': [ '1.3.0' ],
935 silly audit   'get-intrinsic': [ '1.3.0' ],
935 silly audit   'has-tostringtag': [ '1.0.2' ],
935 silly audit   'call-bind-apply-helpers': [ '1.0.2' ],
935 silly audit   'es-define-property': [ '1.0.1' ],
935 silly audit   'es-object-atoms': [ '1.1.2' ],
935 silly audit   'function-bind': [ '1.1.2' ],
935 silly audit   'get-proto': [ '1.0.1' ],
935 silly audit   gopd: [ '1.2.0' ],
935 silly audit   'has-symbols': [ '1.1.0' ],
935 silly audit   'math-intrinsics': [ '1.1.0' ],
935 silly audit   'dunder-proto': [ '1.0.1' ],
935 silly audit   'agent-base': [ '6.0.2' ],
935 silly audit   cookie: [ '1.1.1' ],
935 silly audit   'set-cookie-parser': [ '2.7.2' ],
935 silly audit   'mime-db': [ '1.52.0' ],
935 silly audit   'msgpackr-extract': [ '3.0.4' ],
935 silly audit   '@msgpackr-extract/msgpackr-extract-darwin-arm64': [ '3.0.4' ],
935 silly audit   '@msgpackr-extract/msgpackr-extract-darwin-x64': [ '3.0.4' ],
935 silly audit   '@msgpackr-extract/msgpackr-extract-linux-arm': [ '3.0.4' ],
935 silly audit   '@msgpackr-extract/msgpackr-extract-linux-arm64': [ '3.0.4' ],
935 silly audit   '@msgpackr-extract/msgpackr-extract-linux-x64': [ '3.0.4' ],
935 silly audit   '@msgpackr-extract/msgpackr-extract-win32-x64': [ '3.0.4' ],
935 silly audit   'node-gyp-build-optional-packages': [ '5.2.2' ],
935 silly audit   'detect-libc': [ '2.1.2' ],
935 silly audit   chokidar: [ '3.6.0' ],
935 silly audit   'ignore-by-default': [ '1.0.1' ],
935 silly audit   minimatch: [ '10.2.5' ],
935 silly audit   'pstree.remy': [ '1.1.8' ],
935 silly audit   'simple-update-notifier': [ '2.0.0' ],
935 silly audit   'supports-color': [ '5.5.0' ],
935 silly audit   touch: [ '3.1.1' ],
935 silly audit   undefsafe: [ '2.0.5' ],
935 silly audit   anymatch: [ '3.1.3' ],
935 silly audit   braces: [ '3.0.3' ],
935 silly audit   fsevents: [ '2.3.3' ],
935 silly audit   'glob-parent': [ '5.1.2' ],
935 silly audit   'is-binary-path': [ '2.1.0' ],
935 silly audit   'is-glob': [ '4.0.3' ],
935 silly audit   'normalize-path': [ '3.0.0' ],
935 silly audit   readdirp: [ '3.6.0' ],
935 silly audit   picomatch: [ '2.3.2' ],
935 silly audit   'fill-range': [ '7.1.1' ],
935 silly audit   'to-regex-range': [ '5.0.1' ],
935 silly audit   'binary-extensions': [ '2.3.0' ],
935 silly audit   'is-extglob': [ '2.1.1' ],
935 silly audit   'brace-expansion': [ '5.0.7' ],
935 silly audit   'balanced-match': [ '4.0.4' ],
935 silly audit   '@pinojs/redact': [ '0.4.0' ],
935 silly audit   'atomic-sleep': [ '1.0.0' ],
935 silly audit   'on-exit-leak-free': [ '2.1.2' ],
935 silly audit   'pino-abstract-transport': [ '3.0.0' ],
935 silly audit   'pino-std-serializers': [ '7.1.0' ],
935 silly audit   'quick-format-unescaped': [ '4.0.4' ],
935 silly audit   'real-require': [ '0.2.0', '1.0.0' ],
935 silly audit   'safe-stable-stringify': [ '2.5.0' ],
935 silly audit   'sonic-boom': [ '4.2.1' ],
935 silly audit   'thread-stream': [ '4.2.0' ],
935 silly audit   split2: [ '4.2.0' ],
935 silly audit   colorette: [ '2.0.20' ],
935 silly audit   dateformat: [ '4.6.3' ],
935 silly audit   'fast-copy': [ '4.0.4' ],
935 silly audit   'fast-safe-stringify': [ '2.1.1' ],
935 silly audit   'help-me': [ '5.0.0' ],
935 silly audit   joycon: [ '3.1.1' ],
935 silly audit   minimist: [ '1.2.8' ],
935 silly audit   pump: [ '3.0.4' ],
935 silly audit   'strip-json-comments': [ '5.0.3' ],
935 silly audit   'end-of-stream': [ '1.4.5' ],
935 silly audit   once: [ '1.4.0' ],
935 silly audit   wrappy: [ '1.0.2' ],
935 silly audit   ret: [ '0.5.0' ],
935 silly audit   'has-flag': [ '3.0.0' ],
935 silly audit   'is-number': [ '7.0.0' ],
935 silly audit   esbuild: [ '0.28.1' ],
935 silly audit   '@esbuild/aix-ppc64': [ '0.28.1' ],
935 silly audit   '@esbuild/android-arm': [ '0.28.1' ],
935 silly audit   '@esbuild/android-arm64': [ '0.28.1' ],
935 silly audit   '@esbuild/android-x64': [ '0.28.1' ],
935 silly audit   '@esbuild/darwin-arm64': [ '0.28.1' ],
935 silly audit   '@esbuild/darwin-x64': [ '0.28.1' ],
935 silly audit   '@esbuild/freebsd-arm64': [ '0.28.1' ],
935 silly audit   '@esbuild/freebsd-x64': [ '0.28.1' ],
935 silly audit   '@esbuild/linux-arm': [ '0.28.1' ],
935 silly audit   '@esbuild/linux-arm64': [ '0.28.1' ],
935 silly audit   '@esbuild/linux-ia32': [ '0.28.1' ],
935 silly audit   '@esbuild/linux-loong64': [ '0.28.1' ],
935 silly audit   '@esbuild/linux-mips64el': [ '0.28.1' ],
935 silly audit   '@esbuild/linux-ppc64': [ '0.28.1' ],
935 silly audit   '@esbuild/linux-riscv64': [ '0.28.1' ],
935 silly audit   '@esbuild/linux-s390x': [ '0.28.1' ],
935 silly audit   '@esbuild/linux-x64': [ '0.28.1' ],
935 silly audit   '@esbuild/netbsd-arm64': [ '0.28.1' ],
935 silly audit   '@esbuild/netbsd-x64': [ '0.28.1' ],
935 silly audit   '@esbuild/openbsd-arm64': [ '0.28.1' ],
935 silly audit   '@esbuild/openbsd-x64': [ '0.28.1' ],
935 silly audit   '@esbuild/openharmony-arm64': [ '0.28.1' ],
935 silly audit   '@esbuild/sunos-x64': [ '0.28.1' ],
935 silly audit   '@esbuild/win32-arm64': [ '0.28.1' ],
935 silly audit   '@esbuild/win32-ia32': [ '0.28.1' ],
935 silly audit   '@esbuild/win32-x64': [ '0.28.1' ]
935 silly audit }
936 verbose reify failed optional dependency C:\Projetos\Jira Flow Analytics\node_modules\@esbuild\win32-ia32
937 silly reify mark deleted [
937 silly reify   'C:\\Projetos\\Jira Flow Analytics\\node_modules\\@esbuild\\win32-ia32'
937 silly reify ]
938 verbose reify failed optional dependency C:\Projetos\Jira Flow Analytics\node_modules\@esbuild\win32-arm64
939 silly reify mark deleted [
939 silly reify   'C:\\Projetos\\Jira Flow Analytics\\node_modules\\@esbuild\\win32-arm64'
939 silly reify ]
940 verbose reify failed optional dependency C:\Projetos\Jira Flow Analytics\node_modules\@esbuild\sunos-x64
941 silly reify mark deleted [
941 silly reify   'C:\\Projetos\\Jira Flow Analytics\\node_modules\\@esbuild\\sunos-x64'
941 silly reify ]
942 verbose reify failed optional dependency C:\Projetos\Jira Flow Analytics\node_modules\@esbuild\openharmony-arm64
943 silly reify mark deleted [
943 silly reify   'C:\\Projetos\\Jira Flow Analytics\\node_modules\\@esbuild\\openharmony-arm64'
943 silly reify ]
944 verbose reify failed optional dependency C:\Projetos\Jira Flow Analytics\node_modules\@esbuild\openbsd-x64
945 silly reify mark deleted [
945 silly reify   'C:\\Projetos\\Jira Flow Analytics\\node_modules\\@esbuild\\openbsd-x64'
945 silly reify ]
946 verbose reify failed optional dependency C:\Projetos\Jira Flow Analytics\node_modules\@esbuild\openbsd-arm64
947 silly reify mark deleted [
947 silly reify   'C:\\Projetos\\Jira Flow Analytics\\node_modules\\@esbuild\\openbsd-arm64'
947 silly reify ]
948 verbose reify failed optional dependency C:\Projetos\Jira Flow Analytics\node_modules\@esbuild\netbsd-x64
949 silly reify mark deleted [
949 silly reify   'C:\\Projetos\\Jira Flow Analytics\\node_modules\\@esbuild\\netbsd-x64'
949 silly reify ]
950 verbose reify failed optional dependency C:\Projetos\Jira Flow Analytics\node_modules\@esbuild\netbsd-arm64
951 silly reify mark deleted [
951 silly reify   'C:\\Projetos\\Jira Flow Analytics\\node_modules\\@esbuild\\netbsd-arm64'
951 silly reify ]
952 verbose reify failed optional dependency C:\Projetos\Jira Flow Analytics\node_modules\@esbuild\linux-x64
953 silly reify mark deleted [
953 silly reify   'C:\\Projetos\\Jira Flow Analytics\\node_modules\\@esbuild\\linux-x64'
953 silly reify ]
954 verbose reify failed optional dependency C:\Projetos\Jira Flow Analytics\node_modules\@esbuild\linux-s390x
955 silly reify mark deleted [
955 silly reify   'C:\\Projetos\\Jira Flow Analytics\\node_modules\\@esbuild\\linux-s390x'
955 silly reify ]
956 verbose reify failed optional dependency C:\Projetos\Jira Flow Analytics\node_modules\@esbuild\linux-riscv64
957 silly reify mark deleted [
957 silly reify   'C:\\Projetos\\Jira Flow Analytics\\node_modules\\@esbuild\\linux-riscv64'
957 silly reify ]
958 verbose reify failed optional dependency C:\Projetos\Jira Flow Analytics\node_modules\@esbuild\linux-ppc64
959 silly reify mark deleted [
959 silly reify   'C:\\Projetos\\Jira Flow Analytics\\node_modules\\@esbuild\\linux-ppc64'
959 silly reify ]
960 verbose reify failed optional dependency C:\Projetos\Jira Flow Analytics\node_modules\@esbuild\linux-mips64el
961 silly reify mark deleted [
961 silly reify   'C:\\Projetos\\Jira Flow Analytics\\node_modules\\@esbuild\\linux-mips64el'
961 silly reify ]
962 verbose reify failed optional dependency C:\Projetos\Jira Flow Analytics\node_modules\@esbuild\linux-loong64
963 silly reify mark deleted [
963 silly reify   'C:\\Projetos\\Jira Flow Analytics\\node_modules\\@esbuild\\linux-loong64'
963 silly reify ]
964 verbose reify failed optional dependency C:\Projetos\Jira Flow Analytics\node_modules\@esbuild\linux-ia32
965 silly reify mark deleted [
965 silly reify   'C:\\Projetos\\Jira Flow Analytics\\node_modules\\@esbuild\\linux-ia32'
965 silly reify ]
966 verbose reify failed optional dependency C:\Projetos\Jira Flow Analytics\node_modules\@esbuild\linux-arm64
967 silly reify mark deleted [
967 silly reify   'C:\\Projetos\\Jira Flow Analytics\\node_modules\\@esbuild\\linux-arm64'
967 silly reify ]
968 verbose reify failed optional dependency C:\Projetos\Jira Flow Analytics\node_modules\@esbuild\linux-arm
969 silly reify mark deleted [
969 silly reify   'C:\\Projetos\\Jira Flow Analytics\\node_modules\\@esbuild\\linux-arm'
969 silly reify ]
970 verbose reify failed optional dependency C:\Projetos\Jira Flow Analytics\node_modules\@esbuild\freebsd-x64
971 silly reify mark deleted [
971 silly reify   'C:\\Projetos\\Jira Flow Analytics\\node_modules\\@esbuild\\freebsd-x64'
971 silly reify ]
972 verbose reify failed optional dependency C:\Projetos\Jira Flow Analytics\node_modules\@esbuild\freebsd-arm64
973 silly reify mark deleted [
973 silly reify   'C:\\Projetos\\Jira Flow Analytics\\node_modules\\@esbuild\\freebsd-arm64'
973 silly reify ]
974 verbose reify failed optional dependency C:\Projetos\Jira Flow Analytics\node_modules\@esbuild\darwin-x64
975 silly reify mark deleted [
975 silly reify   'C:\\Projetos\\Jira Flow Analytics\\node_modules\\@esbuild\\darwin-x64'
975 silly reify ]
976 verbose reify failed optional dependency C:\Projetos\Jira Flow Analytics\node_modules\@esbuild\darwin-arm64
977 silly reify mark deleted [
977 silly reify   'C:\\Projetos\\Jira Flow Analytics\\node_modules\\@esbuild\\darwin-arm64'
977 silly reify ]
978 verbose reify failed optional dependency C:\Projetos\Jira Flow Analytics\node_modules\@esbuild\android-x64
979 silly reify mark deleted [
979 silly reify   'C:\\Projetos\\Jira Flow Analytics\\node_modules\\@esbuild\\android-x64'
979 silly reify ]
980 verbose reify failed optional dependency C:\Projetos\Jira Flow Analytics\node_modules\@esbuild\android-arm64
981 silly reify mark deleted [
981 silly reify   'C:\\Projetos\\Jira Flow Analytics\\node_modules\\@esbuild\\android-arm64'
981 silly reify ]
982 verbose reify failed optional dependency C:\Projetos\Jira Flow Analytics\node_modules\@esbuild\android-arm
983 silly reify mark deleted [
983 silly reify   'C:\\Projetos\\Jira Flow Analytics\\node_modules\\@esbuild\\android-arm'
983 silly reify ]
984 verbose reify failed optional dependency C:\Projetos\Jira Flow Analytics\node_modules\@esbuild\aix-ppc64
985 silly reify mark deleted [
985 silly reify   'C:\\Projetos\\Jira Flow Analytics\\node_modules\\@esbuild\\aix-ppc64'
985 silly reify ]
986 verbose reify failed optional dependency C:\Projetos\Jira Flow Analytics\node_modules\fsevents
987 silly reify mark deleted [ 'C:\\Projetos\\Jira Flow Analytics\\node_modules\\fsevents' ]
988 verbose reify failed optional dependency C:\Projetos\Jira Flow Analytics\node_modules\@msgpackr-extract\msgpackr-extract-linux-x64
989 silly reify mark deleted [
989 silly reify   'C:\\Projetos\\Jira Flow Analytics\\node_modules\\@msgpackr-extract\\msgpackr-extract-linux-x64'
989 silly reify ]
990 verbose reify failed optional dependency C:\Projetos\Jira Flow Analytics\node_modules\@msgpackr-extract\msgpackr-extract-linux-arm64
991 silly reify mark deleted [
991 silly reify   'C:\\Projetos\\Jira Flow Analytics\\node_modules\\@msgpackr-extract\\msgpackr-extract-linux-arm64'
991 silly reify ]
992 verbose reify failed optional dependency C:\Projetos\Jira Flow Analytics\node_modules\@msgpackr-extract\msgpackr-extract-linux-arm
993 silly reify mark deleted [
993 silly reify   'C:\\Projetos\\Jira Flow Analytics\\node_modules\\@msgpackr-extract\\msgpackr-extract-linux-arm'
993 silly reify ]
994 verbose reify failed optional dependency C:\Projetos\Jira Flow Analytics\node_modules\@msgpackr-extract\msgpackr-extract-darwin-x64
995 silly reify mark deleted [
995 silly reify   'C:\\Projetos\\Jira Flow Analytics\\node_modules\\@msgpackr-extract\\msgpackr-extract-darwin-x64'
995 silly reify ]
996 verbose reify failed optional dependency C:\Projetos\Jira Flow Analytics\node_modules\@msgpackr-extract\msgpackr-extract-darwin-arm64
997 silly reify mark deleted [
997 silly reify   'C:\\Projetos\\Jira Flow Analytics\\node_modules\\@msgpackr-extract\\msgpackr-extract-darwin-arm64'
997 silly reify ]
998 http fetch POST 200 https://registry.npmjs.org/-/npm/v1/security/advisories/bulk 939ms
999 silly audit report {}
1000 silly ADD node_modules/@esbuild/win32-x64
1001 silly ADD
1002 silly ADD
1003 silly ADD
1004 silly ADD
1005 silly ADD
1006 silly ADD
1007 silly ADD
1008 silly ADD
1009 silly ADD
1010 silly ADD
1011 silly ADD
1012 silly ADD
1013 silly ADD
1014 silly ADD
1015 silly ADD
1016 silly ADD
1017 silly ADD
1018 silly ADD
1019 silly ADD
1020 silly ADD
1021 silly ADD
1022 silly ADD
1023 silly ADD
1024 silly ADD
1025 silly ADD
1026 silly ADD node_modules/esbuild
1027 silly ADD node_modules/is-number
1028 silly ADD node_modules/has-flag
1029 silly ADD node_modules/ret
1030 silly ADD node_modules/wrappy
1031 silly ADD node_modules/once
1032 silly ADD node_modules/end-of-stream
1033 silly ADD node_modules/strip-json-comments
1034 silly ADD node_modules/pump
1035 silly ADD node_modules/minimist
1036 silly ADD node_modules/joycon
1037 silly ADD node_modules/help-me
1038 silly ADD node_modules/fast-safe-stringify
1039 silly ADD node_modules/fast-copy
1040 silly ADD node_modules/dateformat
1041 silly ADD node_modules/colorette
1042 silly ADD node_modules/split2
1043 silly ADD node_modules/thread-stream
1044 silly ADD node_modules/thread-stream/node_modules/real-require
1045 silly ADD node_modules/sonic-boom
1046 silly ADD node_modules/safe-stable-stringify
1047 silly ADD node_modules/real-require
1048 silly ADD node_modules/quick-format-unescaped
1049 silly ADD node_modules/pino-std-serializers
1050 silly ADD node_modules/pino-abstract-transport
1051 silly ADD node_modules/on-exit-leak-free
1052 silly ADD node_modules/atomic-sleep
1053 silly ADD node_modules/@pinojs/redact
1054 silly ADD node_modules/balanced-match
1055 silly ADD node_modules/brace-expansion
1056 silly ADD node_modules/is-extglob
1057 silly ADD node_modules/binary-extensions
1058 silly ADD node_modules/to-regex-range
1059 silly ADD node_modules/fill-range
1060 silly ADD node_modules/picomatch
1061 silly ADD node_modules/readdirp
1062 silly ADD node_modules/normalize-path
1063 silly ADD node_modules/is-glob
1064 silly ADD node_modules/is-binary-path
1065 silly ADD node_modules/glob-parent
1066 silly ADD
1067 silly ADD node_modules/braces
1068 silly ADD node_modules/anymatch
1069 silly ADD node_modules/undefsafe
1070 silly ADD node_modules/touch
1071 silly ADD node_modules/supports-color
1072 silly ADD node_modules/simple-update-notifier
1073 silly ADD node_modules/pstree.remy
1074 silly ADD node_modules/minimatch
1075 silly ADD node_modules/ignore-by-default
1076 silly ADD node_modules/chokidar
1077 silly ADD node_modules/detect-libc
1078 silly ADD node_modules/node-gyp-build-optional-packages
1079 silly ADD node_modules/@msgpackr-extract/msgpackr-extract-win32-x64
1080 silly ADD
1081 silly ADD
1082 silly ADD
1083 silly ADD
1084 silly ADD
1085 silly ADD node_modules/msgpackr-extract
1086 silly ADD node_modules/mime-db
1087 silly ADD node_modules/set-cookie-parser
1088 silly ADD node_modules/cookie
1089 silly ADD node_modules/agent-base
1090 silly ADD node_modules/dunder-proto
1091 silly ADD node_modules/math-intrinsics
1092 silly ADD node_modules/has-symbols
1093 silly ADD node_modules/gopd
1094 silly ADD node_modules/get-proto
1095 silly ADD node_modules/function-bind
1096 silly ADD node_modules/es-object-atoms
1097 silly ADD node_modules/es-define-property
1098 silly ADD node_modules/call-bind-apply-helpers
1099 silly ADD node_modules/has-tostringtag
1100 silly ADD node_modules/get-intrinsic
1101 silly ADD node_modules/es-errors
1102 silly ADD node_modules/delayed-stream
1103 silly ADD node_modules/hasown
1104 silly ADD node_modules/es-set-tostringtag
1105 silly ADD node_modules/combined-stream
1106 silly ADD node_modules/asynckit
1107 silly ADD node_modules/proxy-from-env
1108 silly ADD node_modules/https-proxy-agent
1109 silly ADD node_modules/form-data
1110 silly ADD node_modules/follow-redirects
1111 silly ADD node_modules/mime-types
1112 silly ADD node_modules/axios
1113 silly ADD node_modules/ms
1114 silly ADD node_modules/standard-as-callback
1115 silly ADD node_modules/redis-parser
1116 silly ADD node_modules/redis-errors
1117 silly ADD node_modules/lodash.isarguments
1118 silly ADD node_modules/lodash.defaults
1119 silly ADD node_modules/denque
1120 silly ADD node_modules/debug
1121 silly ADD node_modules/cluster-key-slot
1122 silly ADD node_modules/@ioredis/commands
1123 silly ADD node_modules/fast-decode-uri-component
1124 silly ADD node_modules/safe-regex2
1125 silly ADD node_modules/fast-querystring
1126 silly ADD node_modules/reusify
1127 silly ADD node_modules/dequal
1128 silly ADD node_modules/json-schema-ref-resolver
1129 silly ADD node_modules/@fastify/merge-json-schemas
1130 silly ADD node_modules/fastq
1131 silly ADD node_modules/require-from-string
1132 silly ADD node_modules/json-schema-traverse
1133 silly ADD node_modules/fast-deep-equal
1134 silly ADD node_modules/ipaddr.js
1135 silly ADD node_modules/@fastify/forwarded
1136 silly ADD node_modules/fast-uri
1137 silly ADD node_modules/ajv-formats
1138 silly ADD node_modules/ajv
1139 silly ADD node_modules/toad-cache
1140 silly ADD node_modules/secure-json-parse
1141 silly ADD node_modules/rfdc
1142 silly ADD node_modules/process-warning
1143 silly ADD node_modules/pino
1144 silly ADD node_modules/light-my-request
1145 silly ADD node_modules/light-my-request/node_modules/process-warning
1146 silly ADD node_modules/find-my-way
1147 silly ADD node_modules/fast-json-stringify
1148 silly ADD node_modules/fast-json-stringify/node_modules/fast-uri
1149 silly ADD node_modules/avvio
1150 silly ADD node_modules/abstract-logging
1151 silly ADD node_modules/@fastify/proxy-addr
1152 silly ADD node_modules/@fastify/fast-json-stringify-compiler
1153 silly ADD node_modules/@fastify/error
1154 silly ADD node_modules/@fastify/ajv-compiler
1155 silly ADD node_modules/luxon
1156 silly ADD node_modules/tslib
1157 silly ADD node_modules/semver
1158 silly ADD node_modules/node-abort-controller
1159 silly ADD node_modules/msgpackr
1160 silly ADD node_modules/ioredis
1161 silly ADD node_modules/cron-parser
1162 silly ADD node_modules/undici-types
1163 silly ADD node_modules/zod
1164 silly ADD node_modules/typescript
1165 silly ADD node_modules/tsx
1166 silly ADD node_modules/pino-pretty
1167 silly ADD node_modules/nodemon
1168 silly ADD node_modules/jira.js
1169 silly ADD node_modules/fastify-plugin
1170 silly ADD node_modules/fastify
1171 silly ADD node_modules/dotenv
1172 silly ADD node_modules/bullmq
1173 silly ADD node_modules/@types/node
1174 verbose cwd C:\Projetos\Jira Flow Analytics
1175 verbose os Windows_NT 10.0.26200
1176 verbose node v20.15.0
1177 verbose npm  v10.8.3
1178 verbose exit 0
1179 info ok
